== 0. exact base values: R(n) for n <= 14 and the envelope B(X)^5 = (1 + S(X))^5 ==
   R(n): R(1) = 1 = 1.000000, R(2) = 1/2 = 0.500000, R(3) = 5/6 = 0.833333, R(4) = 5/6 = 0.833333, R(5) = 43/30 = 1.433333, R(6) = 14/15 = 0.933333, R(7) = 143/105 = 1.361905, R(8) = 143/105 = 1.361905, R(9) = 143/105 = 1.361905, R(10) = 223/210 = 1.061905, R(11) = 3083/2310 = 1.334632, R(12) = 3083/2310 = 1.334632, R(13) = 51629/30030 = 1.719247, R(14) = 20452/15015 = 1.362105
   S(X), B(X)^5 for X = 1..14: X=1: S=1.00000, B^5=32.000, X=2: S=1.00000, B^5=32.000, X=3: S=1.00000, B^5=32.000, X=4: S=1.00000, B^5=32.000, X=5: S=1.43333, B^5=85.312, X=6: S=1.43333, B^5=85.312, X=7: S=1.43333, B^5=85.312, X=8: S=1.43333, B^5=85.312, X=9: S=1.43333, B^5=85.312, X=10: S=1.43333, B^5=85.312, X=11: S=1.43333, B^5=85.312, X=12: S=1.43333, B^5=85.312, X=13: S=1.71925, B^5=148.677, X=14: S=1.71925, B^5=148.677
   43/30 = S(5) = 43/30;  B >= 2 so B^5 >= 32
== 1. certified pass to 1e7 (76 recorded horizons) ==
   pass done in 13 s; R(1e7) = [1.8365334259705639237 +/- 1.93e-21], h(1e7) = [0.000101523953942782 +/- 4.16e-20]; float R(1e7) = 1.836533425970 (float error bound 4.6e-09)
   chain from 10000000:
      N = 10000000 L = 1666666: R(N) = [1.83653342597 +/- 5.65e-13]  delta = [0.1441432521 +/- 1.15e-11]  cross 2M(L)(h(N)-h(L)) = [0.00055826336 +/- 3.61e-12]  ||t||^2 = [0.14358499 +/- 1.25e-9]  B^5 = 148.677  c_N = [0.00096950642 +/- 4.03e-12]  nu+ = [0.003835594 +/- 2.16e-10]  nu- = [-0.002866088 +/- 2.09e-10]  cos(a,d) = [0.00056624 +/- 4.98e-9]
      N =  1666666 L =  277777: R(N) = [1.69239017386 +/- 8.41e-13]  delta = [0.07235266832 +/- 2.96e-12]  cross 2M(L)(h(N)-h(L)) = [-0.0037589915 +/- 2.69e-11]  ||t||^2 = [0.076111660 +/- 1.51e-10]  B^5 = 85.312  c_N = [0.00084809895 +/- 5.07e-13]  nu+ = [0.004561822 +/- 3.90e-10]  nu- = [-0.003713723 +/- 3.39e-10]  cos(a,d) = [-0.0053525 +/- 4.26e-8]
      N =   277777 L =   46296: R(N) = [1.62003750554 +/- 3.80e-12]  delta = [0.02558788509 +/- 2.75e-12]  cross 2M(L)(h(N)-h(L)) = [-0.049413958 +/- 3.94e-10]  ||t||^2 = [0.075001843 +/- 3.07e-10]  B^5 = 85.312  c_N = [0.00029993446 +/- 5.64e-13]  nu+ = [0.004195918 +/- 1.15e-10]  nu- = [-0.003895984 +/- 3.45e-10]  cos(a,d) = [-0.071446 +/- 5.87e-8]
      N =    46296 L =    7716: R(N) = [1.59444962045 +/- 1.06e-12]  delta = [0.07449582251 +/- 3.24e-12]  cross 2M(L)(h(N)-h(L)) = [-0.0031436721 +/- 2.81e-11]  ||t||^2 = [0.077639495 +/- 3.59e-10]  B^5 = 85.312  c_N = [0.00087322044 +/- 7.34e-13]  nu+ = [0.004486863 +/- 2.85e-10]  nu- = [-0.003613642 +/- 2.77e-10]  cos(a,d) = [-0.0045756 +/- 2.80e-8]
      N =     7716 L =    1286: R(N) = [1.51995379794 +/- 4.29e-12]  delta = [0.05369596303 +/- 4.84e-12]  cross 2M(L)(h(N)-h(L)) = [-0.0042407152 +/- 5.56e-12]  ||t||^2 = [0.057936678 +/- 2.20e-10]  B^5 = 32.000  c_N = [0.0016779988 +/- 4.46e-11]  nu+ = [0.009985508 +/- 2.90e-11]  nu- = [-0.008307509 +/- 1.85e-10]  cos(a,d) = [-0.0072749 +/- 1.92e-9]
      N =     1286 L =     214: R(N) = [1.46625783491 +/- 5.46e-13]  delta = [0.06268014407 +/- 4.74e-12]  cross 2M(L)(h(N)-h(L)) = 0  ||t||^2 = [0.062680144 +/- 6.54e-11]  B^5 = 32.000  c_N = [0.0019587545 +/- 2.05e-12]  nu+ = [0.01029998 +/- 2.58e-9]  nu- = [-0.008341228 +/- 7.16e-11]  cos(a,d) = 0
      N =      214 L =      35: R(N) = [1.40357769085 +/- 4.73e-12]  delta = [0.1102262802 +/- 2.67e-11]  cross 2M(L)(h(N)-h(L)) = [0.035118234 +/- 3.95e-10]  ||t||^2 = [0.075108046 +/- 1.69e-10]  B^5 = 32.000  c_N = [0.0034445713 +/- 4.30e-11]  nu+ = [0.01159799 +/- 6.47e-10]  nu- = [-0.008153418 +/- 9.66e-11]  cos(a,d) = [0.056338 +/- 3.25e-8]
      N =       35 L =       5: R(N) = [1.29335141062 +/- 1.37e-12]  delta = [-0.1399819227 +/- 1.48e-11]  cross 2M(L)(h(N)-h(L)) = [-0.23554569 +/- 3.96e-9]  ||t||^2 = [0.095563771 +/- 2.43e-10]  B^5 = 32.000  c_N = [-0.0043744351 +/- 1.52e-11]  nu+ = [0.008993255 +/- 3.28e-10]  nu- = [-0.01336769 +/- 2.43e-10]  cos(a,d) = [-0.31822 +/- 1.87e-6]
   chain from 8388608:
      N =  8388608 L = 1398101: R(N) = [1.72523968004 +/- 8.43e-13]  delta = [0.02810106708 +/- 1.77e-12]  cross 2M(L)(h(N)-h(L)) = [-0.051472504 +/- 9.45e-11]  ||t||^2 = [0.079573571 +/- 1.77e-10]  B^5 = 148.677  c_N = [0.00018900756 +/- 4.76e-12]  nu+ = [0.002561966 +/- 3.83e-10]  nu- = [-0.002372959 +/- 1.83e-10]  cos(a,d) = [-0.070033 +/- 8.27e-8]
      N =  1398101 L =  233016: R(N) = [1.69713861296 +/- 2.61e-12]  delta = [0.03650207841 +/- 3.13e-12]  cross 2M(L)(h(N)-h(L)) = [-0.056584211 +/- 4.35e-10]  ||t||^2 = [0.093086289 +/- 2.13e-11]  B^5 = 85.312  c_N = [0.00042786776 +/- 3.20e-12]  nu+ = [0.004815595 +/- 6.79e-11]  nu- = [-0.004387727 +/- 3.05e-10]  cos(a,d) = [-0.071959 +/- 1.3e-9]
      N =   233016 L =   38836: R(N) = [1.66063653454 +/- 4.28e-12]  delta = [0.08519821434 +/- 7.83e-13]  cross 2M(L)(h(N)-h(L)) = [0.00035975605 +/- 1.87e-12]  ||t||^2 = [0.084838458 +/- 2.93e-10]  B^5 = 85.312  c_N = [0.00099867106 +/- 1.57e-12]  nu+ = [0.004813706 +/- 3.34e-10]  nu- = [-0.003815035 +/- 3.96e-10]  cos(a,d) = [0.00049202 +/- 1.97e-9]
      N =    38836 L =    6472: R(N) = [1.57543832020 +/- 3.49e-12]  delta = [0.02187353869 +/- 3.01e-12]  cross 2M(L)(h(N)-h(L)) = [-0.054324806 +/- 1.21e-10]  ||t||^2 = [0.076198345 +/- 4.35e-10]  B^5 = 85.312  c_N = [0.00025639587 +/- 2.21e-12]  nu+ = [0.004150665 +/- 3.59e-12]  nu- = [-0.003894269 +/- 1.29e-10]  cos(a,d) = [-0.078946 +/- 1.11e-7]
      N =     6472 L =    1078: R(N) = [1.55356478152 +/- 3.51e-12]  delta = [0.03681832717 +/- 1.80e-12]  cross 2M(L)(h(N)-h(L)) = [-0.051119908 +/- 2.46e-10]  ||t||^2 = [0.087938235 +/- 4.14e-10]  B^5 = 32.000  c_N = [0.0011505727 +/- 2.41e-11]  nu+ = [0.01197471 +/- 3.82e-10]  nu- = [-0.01082414 +/- 2.35e-9]  cos(a,d) = [-0.069987 +/- 4.32e-7]
      N =     1078 L =     179: R(N) = [1.51674645435 +/- 1.72e-12]  delta = [0.08270766530 +/- 1.31e-12]  cross 2M(L)(h(N)-h(L)) = [0.0028353622 +/- 5.45e-12]  ||t||^2 = [0.079872303 +/- 9.34e-11]  B^5 = 32.000  c_N = [0.0025846145 +/- 4.06e-11]  nu+ = [0.01194705 +/- 1.29e-10]  nu- = [-0.009362436 +/- 4.13e-10]  cos(a,d) = [0.0041889 +/- 4.6e-11]
      N =      179 L =      29: R(N) = [1.43403878905 +/- 4.03e-13]  delta = [0.08826617535 +/- 4.38e-12]  cross 2M(L)(h(N)-h(L)) = [0.030761019 +/- 3.06e-10]  ||t||^2 = [0.057505157 +/- 3.49e-10]  B^5 = 32.000  c_N = [0.0027583180 +/- 2.05e-11]  nu+ = [0.01016814 +/- 3.41e-9]  nu- = [-0.007409819 +/- 3.89e-10]  cos(a,d) = [0.055288 +/- 7.64e-8]
      N =       29 L =       4: R(N) = [1.34577261370 +/- 3.98e-12]  delta = [0.5124392804 +/- 2.94e-11]  cross 2M(L)(h(N)-h(L)) = [0.32761680 +/- 4.49e-9]  ||t||^2 = [0.18482248 +/- 4.12e-9]  B^5 = 32.000  c_N = [0.016013728 +/- 4.89e-10]  nu+ = [0.02172964 +/- 3.45e-9]  nu- = [-0.005715909 +/- 4.85e-11]  cos(a,d) = [0.41740 +/- 2.93e-6]
   chain from 4000000:
      N =  4000000 L =  666666: R(N) = [1.71051110020 +/- 2.15e-12]  delta = [0.01070537887 +/- 1.02e-12]  cross 2M(L)(h(N)-h(L)) = [-0.077162307 +/- 2.82e-10]  ||t||^2 = [0.087867686 +/- 4.11e-10]  B^5 = 85.312  c_N = [0.00012548564 +/- 4.37e-12]  nu+ = [0.004570633 +/- 2.51e-11]  nu- = [-0.004445147 +/- 3.90e-10]  cos(a,d) = [-0.099830 +/- 2.36e-8]
      N =   666666 L =  111111: R(N) = [1.69980572133 +/- 3.16e-12]  delta = [0.1005563219 +/- 5.34e-12]  cross 2M(L)(h(N)-h(L)) = [0.0010594442 +/- 3.62e-11]  ||t||^2 = [0.099496878 +/- 3.32e-10]  B^5 = 85.312  c_N = [0.0011786948 +/- 4.08e-11]  nu+ = [0.005302126 +/- 1.48e-10]  nu- = [-0.004123431 +/- 3.89e-10]  cos(a,d) = [0.0013280 +/- 3.92e-8]
      N =   111111 L =   18518: R(N) = [1.59924939942 +/- 1.51e-12]  delta = [0.02718296534 +/- 2.58e-12]  cross 2M(L)(h(N)-h(L)) = [-0.057385857 +/- 4.72e-10]  ||t||^2 = [0.084568822 +/- 1.30e-10]  B^5 = 85.312  c_N = [0.00031863157 +/- 6.88e-13]  nu+ = [0.004423020 +/- 8.66e-11]  nu- = [-0.004104389 +/- 4.85e-10]  cos(a,d) = [-0.078693 +/- 3.30e-7]
      N =    18518 L =    3086: R(N) = [1.57206643408 +/- 1.07e-12]  delta = [0.07184638345 +/- 1.18e-12]  cross 2M(L)(h(N)-h(L)) = [0.0020081419 +/- 2.79e-11]  ||t||^2 = [0.069838242 +/- 4.24e-10]  B^5 = 85.312  c_N = [0.00084216441 +/- 1.36e-12]  nu+ = [0.004238523 +/- 2.29e-10]  nu- = [-0.003396358 +/- 3.61e-10]  cos(a,d) = [0.0031020 +/- 1.10e-8]
      N =     3086 L =     514: R(N) = [1.50022005063 +/- 1.03e-13]  delta = [0.04629007922 +/- 1.76e-12]  cross 2M(L)(h(N)-h(L)) = [-0.0096999225 +/- 2.08e-12]  ||t||^2 = [0.055990002 +/- 2.80e-10]  B^5 = 32.000  c_N = [0.0014465650 +/- 2.45e-11]  nu+ = [0.009667430 +/- 4.91e-10]  nu- = [-0.008220865 +/- 4.66e-10]  cos(a,d) = [-0.016999 +/- 4.74e-7]
      N =      514 L =      85: R(N) = [1.45392997141 +/- 1.86e-12]  delta = [0.001006019301 +/- 1.93e-14]  cross 2M(L)(h(N)-h(L)) = [-0.064400107 +/- 2.20e-10]  ||t||^2 = [0.065406126 +/- 8.20e-11]  B^5 = 32.000  c_N = [3.1438103e-5 +/- 1.56e-13]  nu+ = [0.009596458 +/- 2.34e-10]  nu- = [-0.009565020 +/- 1.30e-10]  cos(a,d) = [-0.10445 +/- 4.21e-6]
      N =       85 L =      14: R(N) = [1.45292395211 +/- 8.74e-13]  delta = [0.09081939001 +/- 3.70e-12]  cross 2M(L)(h(N)-h(L)) = [0.029697199 +/- 2.40e-10]  ||t||^2 = [0.061122191 +/- 2.34e-10]  B^5 = 32.000  c_N = [0.0028381059 +/- 3.77e-11]  nu+ = [0.01053508 +/- 1.14e-9]  nu- = [-0.007696973 +/- 7.47e-11]  cos(a,d) = [0.051461 +/- 3.08e-7]
      N =       14 L =       2: R(N) = [1.36210456210 +/- 4.57e-12]  delta = [0.8621045621 +/- 4.57e-12]  cross 2M(L)(h(N)-h(L)) = 0  ||t||^2 = [0.86210456 +/- 2.11e-9]  B^5 = 32.000  c_N = [0.026940768 +/- 4.35e-10]  nu+ = [0.03801424 +/- 2.97e-9]  nu- = [-0.01107347 +/- 5.31e-10]  cos(a,d) = 0
   chain from 1679616:
      N =  1679616 L =  279936: R(N) = [1.68013176673 +/- 4.32e-12]  delta = [0.05571396414 +/- 1.22e-12]  cross 2M(L)(h(N)-h(L)) = [-0.0047276999 +/- 3.30e-11]  ||t||^2 = [0.060441664 +/- 7.42e-11]  B^5 = 85.312  c_N = [0.00065306444 +/- 4.99e-12]  nu+ = [0.004013814 +/- 5.35e-11]  nu- = [-0.003360750 +/- 4.89e-10]  cos(a,d) = [-0.0075440 +/- 2.01e-8]
      N =   279936 L =   46656: R(N) = [1.62441780259 +/- 3.10e-12]  delta = [0.02064806734 +/- 1.24e-12]  cross 2M(L)(h(N)-h(L)) = [-0.054792061 +/- 1.22e-10]  ||t||^2 = [0.075440128 +/- 4.61e-10]  B^5 = 85.312  c_N = [0.00024203121 +/- 4.96e-12]  nu+ = [0.004187371 +/- 1.22e-10]  nu- = [-0.003945340 +/- 9.39e-11]  cos(a,d) = [-0.078762 +/- 2.38e-7]
      N =    46656 L =    7776: R(N) = [1.60376973525 +/- 4.34e-12]  delta = [0.08315024922 +/- 1.07e-12]  cross 2M(L)(h(N)-h(L)) = [-0.0062817456 +/- 1.80e-12]  ||t||^2 = [0.089431995 +/- 1.80e-10]  B^5 = 85.312  c_N = [0.00097466535 +/- 3.02e-12]  nu+ = [0.004837197 +/- 4.17e-10]  nu- = [-0.003862532 +/- 6.38e-11]  cos(a,d) = [-0.0085171 +/- 3.67e-8]
      N =     7776 L =    1296: R(N) = [1.52061948604 +/- 4.61e-12]  delta = [0.05436166039 +/- 4.53e-12]  cross 2M(L)(h(N)-h(L)) = [-0.0045016114 +/- 2.48e-11]  ||t||^2 = [0.058863272 +/- 1.90e-10]  B^5 = 32.000  c_N = [0.0016988019 +/- 1.30e-11]  nu+ = [0.01006908 +/- 4.09e-9]  nu- = [-0.008370274 +/- 2.82e-11]  cos(a,d) = [-0.0076614 +/- 4.42e-8]
      N =     1296 L =     216: R(N) = [1.46625782565 +/- 8.10e-14]  delta = [0.05802897201 +/- 3.95e-12]  cross 2M(L)(h(N)-h(L)) = [-0.021239815 +/- 5.02e-11]  ||t||^2 = [0.079268787 +/- 6.43e-11]  B^5 = 32.000  c_N = [0.0018134054 +/- 2.46e-11]  nu+ = [0.01138164 +/- 2.06e-9]  nu- = [-0.009568233 +/- 4.31e-10]  cos(a,d) = [-0.031786 +/- 2.11e-7]
      N =      216 L =      36: R(N) = [1.40822885364 +/- 4.03e-12]  delta = [0.1148774430 +/- 1.74e-11]  cross 2M(L)(h(N)-h(L)) = [0.025815909 +/- 1.87e-10]  ||t||^2 = [0.089061534 +/- 2.05e-10]  B^5 = 32.000  c_N = [0.0035899201 +/- 5.71e-12]  nu+ = [0.01254425 +/- 3.83e-9]  nu- = [-0.008954334 +/- 2.69e-10]  cos(a,d) = [0.038032 +/- 4.30e-7]
      N =       36 L =       6: R(N) = [1.29335141062 +/- 1.37e-12]  delta = [0.3600180773 +/- 1.48e-11]  cross 2M(L)(h(N)-h(L)) = [0.21556049 +/- 3.65e-9]  ||t||^2 = [0.14445759 +/- 9.31e-10]  B^5 = 32.000  c_N = [0.011250565 +/- 8.49e-11]  nu+ = [0.01795275 +/- 4.25e-9]  nu- = [-0.006702189 +/- 3.27e-10]  cos(a,d) = [0.29353 +/- 1.29e-6]
      N =        6 L =       1: R(N) = [0.933333333333 +/- 3.34e-13]  delta = [-0.06666666667 +/- 3.34e-12]  cross 2M(L)(h(N)-h(L)) = [-1.7333333 +/- 3.34e-8]  ||t||^2 = [1.6666667 +/- 3.34e-8]  B^5 = 32.000  c_N = [-0.0020833333 +/- 3.34e-11]  nu+ = [0.02887793 +/- 4.51e-10]  nu- = [-0.03096126 +/- 3.79e-9]  cos(a,d) = [-0.67132 +/- 2.89e-6]
   chain from 1000000:
      N =  1000000 L =  166666: R(N) = [1.70824913386 +/- 3.02e-12]  delta = [0.09060872018 +/- 4.70e-12]  cross 2M(L)(h(N)-h(L)) = [0.0023980839 +/- 2.59e-11]  ||t||^2 = [0.088210636 +/- 3.11e-10]  B^5 = 85.312  c_N = [0.0010620916 +/- 1.19e-11]  nu+ = [0.004990610 +/- 4.47e-10]  nu- = [-0.003928519 +/- 1.42e-10]  cos(a,d) = [0.0031742 +/- 1.02e-8]
      N =   166666 L =   27777: R(N) = [1.61764041368 +/- 1.69e-12]  delta = [0.05286909295 +/- 4.02e-12]  cross 2M(L)(h(N)-h(L)) = [-0.0069887354 +/- 4.36e-11]  ||t||^2 = [0.059857828 +/- 3.11e-10]  B^5 = 85.312  c_N = [0.00061971760 +/- 3.16e-12]  nu+ = [0.003910367 +/- 1.12e-10]  nu- = [-0.003290650 +/- 4.93e-10]  cos(a,d) = [-0.011418 +/- 1.94e-7]
      N =    27777 L =    4629: R(N) = [1.56477132072 +/- 4.31e-12]  delta = [0.05576233044 +/- 4.65e-12]  cross 2M(L)(h(N)-h(L)) = [-5.1142786e-5 +/- 2.11e-13]  ||t||^2 = [0.055813473 +/- 2.31e-10]  B^5 = 85.312  c_N = [0.00065363137 +/- 2.11e-12]  nu+ = [0.003744268 +/- 2.13e-10]  nu- = [-0.003090636 +/- 4.16e-10]  cos(a,d) = [-8.8113e-5 +/- 2.11e-10]
      N =     4629 L =     771: R(N) = [1.50900899028 +/- 3.44e-13]  delta = [0.05362330162 +/- 7.32e-14]  cross 2M(L)(h(N)-h(L)) = [0.00096866541 +/- 2.56e-12]  ||t||^2 = [0.052654636 +/- 2.08e-10]  B^5 = 32.000  c_N = [0.0016757282 +/- 2.44e-11]  nu+ = [0.009529153 +/- 3.93e-10]  nu- = [-0.007853425 +/- 2.18e-10]  cos(a,d) = [0.0017496 +/- 9.40e-9]
      N =      771 L =     128: R(N) = [1.45538568866 +/- 2.71e-13]  delta = [0.04900328550 +/- 4.07e-13]  cross 2M(L)(h(N)-h(L)) = [-0.0061284307 +/- 9.47e-13]  ||t||^2 = [0.055131716 +/- 2.02e-10]  B^5 = 32.000  c_N = [0.0015313527 +/- 2.82e-11]  nu+ = [0.009500441 +/- 2.17e-10]  nu- = [-0.007969088 +/- 1.13e-10]  cos(a,d) = [-0.011004 +/- 4.12e-7]
      N =      128 L =      21: R(N) = [1.40638240316 +/- 6.77e-13]  delta = [0.04274459618 +/- 2.14e-12]  cross 2M(L)(h(N)-h(L)) = [-0.010110879 +/- 4.22e-10]  ||t||^2 = [0.052855475 +/- 2.44e-10]  B^5 = 32.000  c_N = [0.0013357686 +/- 3.06e-11]  nu+ = [0.009082607 +/- 1.22e-10]  nu- = [-0.007746838 +/- 4.91e-10]  cos(a,d) = [-0.018831 +/- 3.90e-7]
      N =       21 L =       3: R(N) = [1.36363780698 +/- 1.47e-12]  delta = [0.5303044736 +/- 4.82e-11]  cross 2M(L)(h(N)-h(L)) = [0.33952693 +/- 3.34e-9]  ||t||^2 = [0.19077754 +/- 3.14e-10]  B^5 = 32.000  c_N = [0.016572015 +/- 1.99e-10]  nu+ = [0.02227775 +/- 1.54e-9]  nu- = [-0.005705737 +/- 2.65e-10]  cos(a,d) = [0.42577 +/- 3.75e-6]
   chain from 100000:
      N =   100000 L =   16666: R(N) = [1.62156652601 +/- 2.24e-12]  delta = [0.05342612773 +/- 3.74e-13]  cross 2M(L)(h(N)-h(L)) = [-0.028872139 +/- 2.00e-10]  ||t||^2 = [0.082298267 +/- 7.09e-11]  B^5 = 85.312  c_N = [0.00062624702 +/- 1.71e-12]  nu+ = [0.004532304 +/- 4.89e-10]  nu- = [-0.003906057 +/- 4.70e-10]  cos(a,d) = [-0.040185 +/- 2.62e-7]
      N =    16666 L =    2777: R(N) = [1.56814039828 +/- 2.61e-12]  delta = [-0.03388529553 +/- 4.47e-12]  cross 2M(L)(h(N)-h(L)) = [-0.16118222 +/- 2.88e-9]  ||t||^2 = [0.12729693 +/- 2.66e-9]  B^5 = 85.312  c_N = [-0.00039719452 +/- 2.50e-12]  nu+ = [0.005013624 +/- 4.08e-11]  nu- = [-0.005410819 +/- 4.37e-10]  cos(a,d) = [-0.17846 +/- 1.06e-6]
      N =     2777 L =     462: R(N) = [1.60202569382 +/- 2.93e-12]  delta = [0.1176902771 +/- 6.65e-13]  cross 2M(L)(h(N)-h(L)) = [-0.0080388333 +/- 2.19e-11]  ||t||^2 = [0.12572911 +/- 4.23e-10]  B^5 = 32.000  c_N = [0.0036778212 +/- 4.07e-11]  nu+ = [0.01546301 +/- 3.77e-9]  nu- = [-0.01178519 +/- 4.92e-9]  cos(a,d) = [-0.0093042 +/- 9.7e-10]
      N =      462 L =      77: R(N) = [1.48433541672 +/- 3.59e-12]  delta = [0.1007401782 +/- 7.40e-12]  cross 2M(L)(h(N)-h(L)) = [0.026684907 +/- 3.11e-10]  ||t||^2 = [0.074055272 +/- 4.83e-10]  B^5 = 32.000  c_N = [0.0031481306 +/- 3.11e-11]  nu+ = [0.01169162 +/- 1.23e-9]  nu- = [-0.008543488 +/- 2.02e-10]  cos(a,d) = [0.041682 +/- 4.44e-7]
      N =       77 L =      12: R(N) = [1.38359523851 +/- 9.84e-13]  delta = [0.04896320388 +/- 3.02e-12]  cross 2M(L)(h(N)-h(L)) = [-0.0025932012 +/- 6.52e-12]  ||t||^2 = [0.051556405 +/- 8.36e-11]  B^5 = 32.000  c_N = [0.0015301001 +/- 2.12e-11]  nu+ = [0.008997898 +/- 1.53e-10]  nu- = [-0.007467798 +/- 2.74e-10]  cos(a,d) = [-0.0049429 +/- 2.63e-8]
      N =       12 L =       2: R(N) = [1.33463203463 +/- 2.04e-12]  delta = [0.8346320346 +/- 3.21e-11]  cross 2M(L)(h(N)-h(L)) = 0  ||t||^2 = [0.83463203 +/- 4.64e-9]  B^5 = 32.000  c_N = [0.026082251 +/- 8.23e-11]  nu+ = [0.03707456 +/- 3.26e-9]  nu- = [-0.01099231 +/- 2.18e-9]  cos(a,d) = 0
   chain from 16384:
      N =    16384 L =    2730: R(N) = [1.60344022093 +/- 1.31e-12]  delta = [0.05747024251 +/- 1.70e-12]  cross 2M(L)(h(N)-h(L)) = [-0.052071823 +/- 1.86e-10]  ||t||^2 = [0.10954207 +/- 4.68e-9]  B^5 = 85.312  c_N = [0.00067365107 +/- 1.87e-12]  nu+ = [0.005162660 +/- 2.86e-10]  nu- = [-0.004489009 +/- 2.18e-10]  cos(a,d) = [-0.063268 +/- 3.37e-7]
      N =     2730 L =     455: R(N) = [1.54596997842 +/- 3.00e-12]  delta = [0.06173876390 +/- 3.42e-12]  cross 2M(L)(h(N)-h(L)) = [-0.026030119 +/- 2.11e-10]  ||t||^2 = [0.087768883 +/- 1.07e-10]  B^5 = 32.000  c_N = [0.0019293364 +/- 2.83e-11]  nu+ = [0.01227755 +/- 1.34e-10]  nu- = [-0.01034821 +/- 3.50e-9]  cos(a,d) = [-0.036060 +/- 5.22e-8]
      N =      455 L =      75: R(N) = [1.48423121453 +/- 3.59e-12]  delta = [0.03570091108 +/- 2.34e-12]  cross 2M(L)(h(N)-h(L)) = [-0.037951555 +/- 4.46e-10]  ||t||^2 = [0.073652467 +/- 4.73e-10]  B^5 = 32.000  c_N = [0.0011156535 +/- 2.87e-11]  nu+ = [0.01076306 +/- 3.81e-9]  nu- = [-0.009647410 +/- 3.32e-10]  cos(a,d) = [-0.058095 +/- 4.54e-7]
      N =       75 L =      12: R(N) = [1.44853030344 +/- 4.09e-12]  delta = [0.1138982688 +/- 1.21e-11]  cross 2M(L)(h(N)-h(L)) = [0.049354851 +/- 2.59e-10]  ||t||^2 = [0.064543418 +/- 7.07e-11]  B^5 = 32.000  c_N = [0.0035593209 +/- 3.78e-13]  nu+ = [0.01109069 +/- 8.30e-10]  nu- = [-0.007531368 +/- 2.71e-10]  cos(a,d) = [0.084080 +/- 7.59e-8]
      N =       12 L =       2: R(N) = [1.33463203463 +/- 2.04e-12]  delta = [0.8346320346 +/- 3.21e-11]  cross 2M(L)(h(N)-h(L)) = 0  ||t||^2 = [0.83463203 +/- 4.64e-9]  B^5 = 32.000  c_N = [0.026082251 +/- 8.23e-11]  nu+ = [0.03707456 +/- 3.26e-9]  nu- = [-0.01099231 +/- 2.18e-9]  cos(a,d) = 0
   chain from 10000:
      N =    10000 L =    1666: R(N) = [1.58236132685 +/- 2.15e-12]  delta = [0.03665167244 +/- 2.42e-12]  cross 2M(L)(h(N)-h(L)) = [-0.070466369 +/- 4.63e-10]  ||t||^2 = [0.10711804 +/- 1.91e-9]  B^5 = 32.000  c_N = [0.0011453648 +/- 3.62e-11]  nu+ = [0.01325371 +/- 5.41e-10]  nu- = [-0.01210834 +/- 4.70e-9]  cos(a,d) = [-0.086588 +/- 2.16e-7]
      N =     1666 L =     277: R(N) = [1.54570965441 +/- 2.78e-13]  delta = [0.07884096277 +/- 2.90e-12]  cross 2M(L)(h(N)-h(L)) = [-0.010618147 +/- 7.81e-11]  ||t||^2 = [0.089459110 +/- 1.56e-10]  B^5 = 32.000  c_N = [0.0024637801 +/- 1.36e-11]  nu+ = [0.01261781 +/- 1.81e-9]  nu- = [-0.01015403 +/- 1.72e-9]  cos(a,d) = [-0.014656 +/- 1.56e-7]
      N =      277 L =      46: R(N) = [1.46686869164 +/- 2.63e-12]  delta = [0.09362236108 +/- 4.47e-13]  cross 2M(L)(h(N)-h(L)) = [0.029517648 +/- 1.65e-10]  ||t||^2 = [0.064104713 +/- 2.46e-10]  B^5 = 32.000  c_N = [0.0029256988 +/- 1.63e-11]  nu+ = [0.01083811 +/- 1.16e-9]  nu- = [-0.007912412 +/- 3.75e-10]  cos(a,d) = [0.049743 +/- 6.57e-8]
      N =       46 L =       7: R(N) = [1.37324633056 +/- 2.18e-12]  delta = [0.01134156866 +/- 2.59e-12]  cross 2M(L)(h(N)-h(L)) = [-0.041160946 +/- 1.47e-10]  ||t||^2 = [0.052502515 +/- 1.96e-10]  B^5 = 32.000  c_N = [0.00035442402 +/- 5.45e-13]  nu+ = [0.008510599 +/- 4e-13]  nu- = [-0.008156175 +/- 2.10e-11]  cos(a,d) = [-0.076965 +/- 2.39e-7]
      N =        7 L =       1: R(N) = [1.36190476190 +/- 4.77e-12]  delta = [0.3619047619 +/- 4.77e-12]  cross 2M(L)(h(N)-h(L)) = [-2.0190476 +/- 1.91e-8]  ||t||^2 = [2.3809524 +/- 1.91e-8]  B^5 = 32.000  c_N = [0.011309524 +/- 1.91e-10]  nu+ = [0.04255832 +/- 3.72e-9]  nu- = [-0.03124880 +/- 9.66e-11]  cos(a,d) = [-0.65425 +/- 3.80e-6]
== 2. the normalized coefficient c_N = [delta_N]_+ / B(N^(1/6))^5: certified maxima (argmax from the float pass, values certified) ==
   [      10,     100]: max delta_N = [1.21924741925 +/- 2.59e-12] at N = 13 (B^5 = 32.000, X = 1), c_N there = [0.03810148185 +/- 1.49e-12]
   [     100,    1000]: max delta_N = [0.245249781112 +/- 4.66e-13] at N = 110 (B^5 = 32.000, X = 2), c_N there = [0.007664055660 +/- 2.36e-13]
   [    1000,   10000]: max delta_N = [0.206881209106 +/- 2.65e-14] at N = 2838 (B^5 = 32.000, X = 3), c_N there = [0.006465037785 +/- 4.37e-13]
   [   10000,  100000]: max delta_N = [0.227638335587 +/- 4.10e-14] at N = 42967 (B^5 = 85.312, X = 5), c_N there = [0.002668316701 +/- 3.84e-13]
   [  100000, 1000000]: max delta_N = [0.226518477568 +/- 9.69e-14] at N = 300551 (B^5 = 85.312, X = 8), c_N there = [0.002655190020 +/- 2.06e-13]
   [ 1000000,10000000]: max delta_N = [0.203372918230 +/- 4.07e-13] at N = 1065673 (B^5 = 85.312, X = 10), c_N there = [0.002383883861 +/- 1.22e-13]
   global maximum of c_N (N >= 6): N = 13, delta_13 = R(13) - R(2) = 18307/15015 = 1.219247419, B^5 = 32, c* = 18307/480480 = 0.038101482
   max c_N over N >= 6: at N = 13, float 0.038101482, certified [0.03810148185 +/- 1.49e-12]
   max c_N over N >= 101: at N = 110, float 0.007664056, certified [0.007664055660 +/- 2.36e-13]
   max c_N over N >= 10001: at N = 11773, float 0.006294555 (R not recorded in the ball pass; float error < 1e-8)
   max c_N over N >= 1000001: at N = 1065673, float 0.002383884, certified [0.002383883861 +/- 1.22e-13]
   B(X) = 1 + S(X) at X = 10^j: 2.43333, 2.73825, 2.73825, 2.73825, 2.79597, 2.82284, 2.89042;  log B(1e7) = 1.06140;  F(t) = log B(e^t) is flat: F(log 1e7)/F(log 1e7 / 6) = 1.0610
   Theorem 11.2 with c* = 0.038101: alpha = [0.8982444017 +/- 3.93e-12], C* = [2.454598175 +/- 2.43e-10], K(c*) = [8.254247889 +/- 1.10e-10];  bound log B(X) <= K (log X)^alpha: at X = 1e7: [100.26291 +/- 1.06e-8] (actual log B = 1.0614); at 1e10: [138.12749 +/- 1.14e-6]; at 1e100: [1092.7593 +/- 3.54e-5]
   with the coefficient above 100 only (c = 0.007664): K = [8.2455670 +/- 1.57e-8]
== 3. Hardy coefficients gamma_{k,N} (k <= 12) at the recorded horizons; head, tail, increments ==
   series pass done in 83 s
   chain from 10000000 (K_N = floor((log N)^(3/4)) at the head of each pair; same K at both ends):
      N = 10000000, L = 1666666, K =  8: H_K(N) = [1.31074066 +/- 3.62e-9]  H_K(L) = [1.26004258 +/- 1.74e-9]  T_K(N) - T_K(L) = [0.0934451775 +/- 4.23e-11]  (delta_N = [0.144143252 +/- 1.12e-10]);  head allowance (9.9) = [4.739e+22 +/- 1.22e+18], (9.10) = [4.427e+23 +/- 8.32e+18]
      N =  1666666, L =  277777, K =  7: H_K(N) = [1.24784664 +/- 2.13e-9]  H_K(L) = [1.24354797 +/- 1.46e-9]  T_K(N) - T_K(L) = [0.0680539947 +/- 4.32e-11]  (delta_N = [0.0723526683 +/- 2.30e-11]);  head allowance (9.9) = [1.930e+19 +/- 8.96e+14], (9.10) = [1.432e+21 +/- 1.81e+17]
      N =   277777, L =   46296, K =  6: H_K(N) = [1.22607935 +/- 2.77e-9]  H_K(L) = [1.24342946 +/- 1.72e-9]  T_K(N) - T_K(L) = [0.0429379961 +/- 4.21e-11]  (delta_N = [0.0255878851 +/- 1.28e-11]);  head allowance (9.9) = [1.006e+16 +/- 3.84e+12], (9.10) = [4.382e+18 +/- 4.89e+14]
      N =    46296, L =    7716, K =  5: H_K(N) = [1.20843274 +/- 3.96e-9]  H_K(L) = [1.20833514 +/- 3.04e-9]  T_K(N) - T_K(L) = [0.0743982234 +/- 3.23e-11]  (delta_N = [0.0744958225 +/- 1.33e-11]);  head allowance (9.9) = [6.955e+12 +/- 3.24e+8], (9.10) = [1.245e+16 +/- 4.26e+12]
      N =     7716, L =    1286, K =  5: H_K(N) = [1.20833514 +/- 3.04e-9]  H_K(L) = [1.20244736 +/- 2.84e-9]  T_K(N) - T_K(L) = [0.0478081889 +/- 7.55e-12]  (delta_N = [0.0536959630 +/- 2.52e-11]);  head allowance (9.9) = [1.328e+12 +/- 2.71e+8], (9.10) = [6.705e+14 +/- 1.52e+10]
      N =     1286, L =     214, K =  4: H_K(N) = [1.19246326 +/- 3.18e-9]  H_K(L) = [1.18027414 +/- 3.33e-9]  T_K(N) - T_K(L) = [0.0504910306 +/- 4.05e-11]  (delta_N = [0.0626801441 +/- 3.48e-11]);  head allowance (9.9) = [1.371e+9 +/- 1.82e+5], (9.10) = [1.622e+12 +/- 3.45e+8]
      N =      214, L =      35, K =  3: H_K(N) = [1.17100753 +/- 1.46e-9]  H_K(L) = [1.09419997 +/- 4.35e-9]  T_K(N) - T_K(L) = [0.0334187173 +/- 2.99e-11]  (delta_N = [0.110226280 +/- 2.27e-10]);  head allowance (9.9) = [2.182e+6 +/- 4.29e+2], (9.10) = [3.224e+9 +/- 2.06e+5]
      N =       35, L =       5, K =  2: H_K(N) = [1.07289131 +/- 1.19e-9]  H_K(L) = [1.27809072 +/- 4.04e-9]  T_K(N) - T_K(L) = [0.0652174821 +/- 3.53e-11]  (delta_N = [-0.139981923 +/- 2.86e-10]);  head allowance (9.9) = [6.029e+3 +/- 0.431], (9.10) = [4.337e+6 +/- 42.1]
      gamma_k(N0), k = 0..12: [0.00010152395 +/- 3.95e-12], [0.99836095 +/- 4.77e-9], [0.43437582 +/- 3.60e-9], [0.059556177 +/- 4.89e-10], [0.057829371 +/- 2.72e-10], [-0.27628936 +/- 4.32e-9], [-0.055428568 +/- 2.80e-10], [-0.067869676 +/- 4.46e-10], [-0.18554815 +/- 4.72e-9], [-0.12712331 +/- 3.24e-9], [-0.0015426229 +/- 4.81e-11], [0.022759027 +/- 4.55e-10], [-0.033718656 +/- 4.78e-10]
   chain from 1000000 (K_N = floor((log N)^(3/4)) at the head of each pair; same K at both ends):
      N =  1000000, L =  166666, K =  7: H_K(N) = [1.26093629 +/- 4.78e-9]  H_K(L) = [1.24754105 +/- 3.62e-9]  T_K(N) - T_K(L) = [0.0772134886 +/- 2.98e-11]  (delta_N = [0.0906087202 +/- 1.54e-11]);  head allowance (9.9) = [1.201e+19 +/- 1.93e+15], (9.10) = [6.477e+20 +/- 2.34e+16]
      N =   166666, L =   27777, K =  6: H_K(N) = [1.23379686 +/- 2.45e-9]  H_K(L) = [1.23014280 +/- 4.63e-9]  T_K(N) - T_K(L) = [0.0492150308 +/- 2.71e-11]  (delta_N = [0.0528690930 +/- 4.60e-11]);  head allowance (9.9) = [6.338e+15 +/- 3.41e+11], (9.10) = [1.974e+18 +/- 1.59e+14]
      N =    27777, L =    4629, K =  5: H_K(N) = [1.20405705 +/- 3.35e-9]  H_K(L) = [1.20411289 +/- 1.16e-9]  T_K(N) - T_K(L) = [0.0558181726 +/- 3.27e-11]  (delta_N = [0.0557623304 +/- 4.47e-11]);  head allowance (9.9) = [4.458e+12 +/- 1.39e+8], (9.10) = [5.576e+15 +/- 2.57e+11]
      N =     4629, L =     771, K =  4: H_K(N) = [1.19195147 +/- 2.80e-10]  H_K(L) = [1.19165929 +/- 1.31e-9]  T_K(N) - T_K(L) = [0.0533311206 +/- 1.46e-12]  (delta_N = [0.0536233016 +/- 2.00e-11]);  head allowance (9.9) = [4.401e+9 +/- 2.06e+5], (9.10) = [1.414e+13 +/- 3.14e+8]
      N =      771, L =     128, K =  4: H_K(N) = [1.19165929 +/- 1.31e-9]  H_K(L) = [1.19540449 +/- 1.78e-10]  T_K(N) - T_K(L) = [0.0527484866 +/- 2.42e-11]  (delta_N = [0.0490032855 +/- 4.08e-13]);  head allowance (9.9) = [8.166e+8 +/- 1.43e+4], (9.10) = [6.418e+11 +/- 4.74e+7]
      N =      128, L =      21, K =  3: H_K(N) = [1.19255100 +/- 5.29e-10]  H_K(L) = [1.20341942 +/- 5.99e-10]  T_K(N) - T_K(L) = [0.0536130162 +/- 4.74e-11]  (delta_N = [0.0427445962 +/- 2.22e-11]);  head allowance (9.9) = [1.316e+6 +/- 4.95e+2], (9.10) = [1.199e+9 +/- 8.94e+4]
      N =       21, L =       3, K =  2: H_K(N) = [1.19298727 +/- 7.65e-10]  H_K(L) = [0.689106970 +/- 1.36e-10]  T_K(N) - T_K(L) = [0.0264241727 +/- 4.85e-11]  (delta_N = [0.530304474 +/- 3.52e-10]);  head allowance (9.9) = [3.746e+3 +/- 0.253], (9.10) = [1.435e+6 +/- 2.14e+2]
      gamma_k(N0), k = 0..12: [0.00020060469 +/- 4.62e-12], [0.99721470 +/- 4.78e-9], [0.43933451 +/- 1.18e-9], [0.052336330 +/- 5.00e-10], [0.043366306 +/- 1.05e-10], [-0.20438182 +/- 1.92e-10], [-0.15043816 +/- 1.50e-9], [-0.066790644 +/- 1.88e-11], [-0.097027664 +/- 4.03e-10], [-0.12692870 +/- 1.52e-10], [-0.082748266 +/- 9.34e-11], [-0.011373783 +/- 1.56e-10], [0.021609825 +/- 2.12e-10]
   Theorem 9.1 at N = 1000: partial sums H_K(1000) against R(1000)
      K=0: H_K = [1.94645948832e-5 +/- 4.98e-17], tail = [1.45939 +/- 4.73e-8]; K=1: H_K = [0.940785235704 +/- 3.94e-14], tail = [0.518624 +/- 1.82e-7]; K=2: H_K = [1.18596677413 +/- 2.05e-12], tail = [0.273443 +/- 3.57e-7]; K=5: H_K = [1.20312526073 +/- 4.38e-12], tail = [0.256284 +/- 1.57e-7]; K=10: H_K = [1.26215113701 +/- 4.37e-12], tail = [0.197258 +/- 2.81e-7]; K=20: H_K = [1.26513714552 +/- 3.57e-12], tail = [0.194272 +/- 2.73e-7]; K=50: H_K = [1.27086779859 +/- 1.96e-12], tail = [0.188542 +/- 3.82e-7]; K=100: H_K = [1.27338862781 +/- 9.79e-13], tail = [0.186021 +/- 2.11e-7]; K=200: H_K = [1.27987507887 +/- 3.18e-12], tail = [0.179534 +/- 3.39e-7]; K=400: H_K = [1.29991730193 +/- 3.51e-12], tail = [0.159492 +/- 1.16e-7]; K=800: H_K = [1.33671886886 +/- 2.74e-12], tail = [0.122691 +/- 4.52e-7];  R(1000) = [1.4594094175788 +/- 8.84e-15]
      |gamma_k(1000)| at k = 1, 10, 100, 400, 800: [0.96993 +/- 8.08e-7], [0.065880 +/- 3.91e-7], [0.00069723 +/- 2.96e-9], [0.0088412 +/- 6.89e-9], [0.018825 +/- 2.40e-7]
== 4. three-step grouping (2.23)-(2.31): Q3_N = E(a~) - R(L) against delta_N; allowance 2 log(N/L) ==
   N = 10000000, L = 1666666: Q3_N = [0.144143358 +/- 8.21e-12]  delta_N = [0.144143252 +/- 1.12e-10]  delta - Q3 = [-1.05880e-7 +/- 4.16e-13]  (allowance 2 log(N/L) = 3.5835; c^(3) = [Q3]_+/B^5 = [0.000969507 +/- 1.37e-10])
   N =  1666666, L =  277777: Q3_N = [0.0723517190 +/- 9.41e-12]  delta_N = [0.0723526683 +/- 2.30e-11]  delta - Q3 = [9.49314e-7 +/- 4.38e-13]  (allowance 2 log(N/L) = 3.5835; c^(3) = [Q3]_+/B^5 = [0.000848088 +/- 1.79e-10])
   N =   277777, L =   46296: Q3_N = [0.0255853073 +/- 2.05e-11]  delta_N = [0.0255878851 +/- 1.28e-11]  delta - Q3 = [2.57777e-6 +/- 3.16e-12]  (allowance 2 log(N/L) = 3.5835; c^(3) = [Q3]_+/B^5 = [0.000299904 +/- 2.44e-10])
   N =    46296, L =    7716: Q3_N = [0.0744933458 +/- 9.11e-12]  delta_N = [0.0744958225 +/- 1.33e-11]  delta - Q3 = [2.47670e-6 +/- 4.14e-12]  (allowance 2 log(N/L) = 3.5835; c^(3) = [Q3]_+/B^5 = [0.000873191 +/- 4.09e-10])
   N =     7716, L =    1286: Q3_N = [0.0537198214 +/- 3.76e-11]  delta_N = [0.0536959630 +/- 2.52e-11]  delta - Q3 = [-2.38583e-5 +/- 3.73e-11]  (allowance 2 log(N/L) = 3.5835; c^(3) = [Q3]_+/B^5 = [0.00167874 +/- 4.42e-9])
   N =     1286, L =     214: Q3_N = [0.0616567985 +/- 3.27e-13]  delta_N = [0.0626801441 +/- 3.48e-11]  delta - Q3 = [0.00102335 +/- 4.44e-9]  (allowance 2 log(N/L) = 3.5866; c^(3) = [Q3]_+/B^5 = [0.00192677 +/- 4.96e-9])
   N =      214, L =      35: Q3_N = [0.111954991 +/- 1.72e-10]  delta_N = [0.110226280 +/- 2.27e-10]  delta - Q3 = [-0.00172871 +/- 9.46e-10]  (allowance 2 log(N/L) = 3.6213; c^(3) = [Q3]_+/B^5 = [0.00349859 +/- 3.48e-9])
   N =       35, L =       5: Q3_N = [-0.0328990724 +/- 4.19e-11]  delta_N = [-0.139981923 +/- 2.86e-10]  delta - Q3 = [-0.107083 +/- 1.50e-7]  (allowance 2 log(N/L) = 3.8918; c^(3) = [Q3]_+/B^5 = [-0.00102810 +/- 3.99e-9])
== 5. circle readouts C_{p,theta} (8.2) with certified tails; (8.3) and the two-phase isometry (8.4) ==
   N = 5, p = 127, ell = [4.8441871 +/- 1.36e-8], K = 200000: C_p,0 = [1.44632 +/- 5.65e-6] vs R + 2 d_0 M h = [1.446316855 +/- 3.24e-10];  C_p,pi = [1.42247 +/- 6.29e-6] vs R + 2 d_pi M h = [1.422466214 +/- 1.07e-10];  w0 C_0 + wpi C_pi = [1.43334 +/- 9.17e-6] vs R(N) = [1.433333333 +/- 3.34e-10];  |C_pi - R| = [0.01087 +/- 9.55e-6] <= 1
   N = 12, p = 631, ell = [6.4473059 +/- 3.75e-8], K = 150000: C_p,0 = [1.3347 +/- 3.56e-5] vs R + 2 d_0 M h = [1.334703827 +/- 3.99e-10];  C_p,pi = [1.3346 +/- 3.98e-5] vs R + 2 d_pi M h = [1.334565740 +/- 1.90e-10];  w0 C_0 + wpi C_pi = [1.3346 +/- 6.38e-5] vs R(N) = [1.334632035 +/- 3.68e-10];  |C_pi - R| = [+/- 7.19e-5] <= 1
wrote data/ball_shape.json; total 361 s
EXIT 0
