a = 0.6, K = 48, lambda = 5.9659e-07, lambda' = -4.1557e-05, T* = 20.86; |f|^2 = 1.000000, sup|f| = 1.4618 at u = 0.2207 = a - 0.3793, total variation 5.8439 = 3.998 sup|f|
   (i) gamma = 14.135 (0.68 T*): S = +8.471e-07, S' = -1.725e-02, S'' = +1.064e-02;  delta=0.001: exact -4.7623e-09, second order -4.7623e-09, ratio 1.0000;  delta=0.01: exact -4.7622e-07, second order -4.7623e-07, ratio 1.0000;  delta=0.1: exact -4.7559e-05, second order -4.7623e-05, ratio 0.9987
   (i) gamma = 103.726 (4.97 T*): S = +1.109e-05, S' = -1.589e-05, S'' = -3.059e-06;  delta=0.001: exact -3.4970e-15, second order -3.4970e-15, ratio 1.0000;  delta=0.01: exact -3.4970e-13, second order -3.4970e-13, ratio 1.0000;  delta=0.1: exact -3.5016e-11, second order -3.4970e-11, ratio 1.0013
   (ii)  gamma      gamma/T*     S(gamma)        S'(gamma)       16 S'^2 / lambda     delta_c = (lambda/16S'^2)^(1/2)
           14.135      0.678   +8.4714e-07   -1.7252e-02       7.9822e+03     1.1193e-02
           21.022      1.008   -5.0705e-06   +1.9272e-03       9.9610e+01     1.0020e-01
           25.011      1.199   +1.3722e-05   -6.7607e-04       1.2258e+01     2.8562e-01
           30.425      1.458   -5.4686e-05   +2.1427e-04       1.2313e+00     9.0120e-01
           32.935      1.579   +8.1983e-05   -8.0544e-05       1.7398e-01     2.3974e+00
           14.135      0.678   +8.4714e-07   -1.7252e-02       7.9822e+03     1.1193e-02
           21.022      1.008   -5.0705e-06   +1.9272e-03       9.9610e+01     1.0020e-01
           40.919      1.962   +1.0675e-04   -1.3295e-05       4.7404e-03     1.4524e+01
           60.832      2.916   +4.6263e-05   +2.0230e-06       1.0975e-04     9.5453e+01
          103.726      4.972   +1.1090e-05   -1.5890e-05       6.7713e-03     1.2152e+01
          207.906      9.966   +2.1519e-06   -8.0823e-06       1.7519e-03     2.3892e+01
          418.388     20.056   -4.0868e-06   -2.0574e-06       1.1352e-04     9.3858e+01
a = 0.8, K = 64, lambda = 1.5659e-14, lambda' = -1.6198e-12, T* = 31.12; |f|^2 = 1.000000, sup|f| = 1.4219 at u = 0.2256 = a - 0.5744, total variation 5.6874 = 4.000 sup|f|
   (i) gamma = 14.135 (0.45 T*): S = +3.146e-14, S' = -1.131e-02, S'' = +8.688e-03;  delta=0.001: exact -2.0468e-09, second order -2.0468e-09, ratio 1.0000;  delta=0.01: exact -2.0468e-07, second order -2.0468e-07, ratio 1.0000;  delta=0.1: exact -2.0421e-05, second order -2.0468e-05, ratio 0.9977
   (i) gamma = 156.113 (5.02 T*): S = +3.942e-09, S' = -7.287e-10, S'' = -2.650e-09;  delta=0.001: exact +1.5864e-22, second order +1.5864e-22, ratio 1.0000;  delta=0.01: exact +1.5865e-20, second order +1.5864e-20, ratio 1.0000;  delta=0.1: exact +1.5900e-18, second order +1.5864e-18, ratio 1.0023
   (ii)  gamma      gamma/T*     S(gamma)        S'(gamma)       16 S'^2 / lambda     delta_c = (lambda/16S'^2)^(1/2)
           14.135      0.454   +3.1458e-14   -1.1310e-02       1.3071e+11     2.7659e-06
           21.022      0.675   -3.4468e-13   +6.3436e-04       4.1119e+08     4.9315e-05
           25.011      0.804   +1.5068e-12   -1.2328e-04       1.5530e+07     2.5376e-04
           30.425      0.978   -1.4104e-11   +1.1368e-05       1.3205e+05     2.7519e-03
           32.935      1.058   +3.4873e-11   -4.3976e-06       1.9760e+04     7.1138e-03
           14.135      0.454   +3.1458e-14   -1.1310e-02       1.3071e+11     2.7659e-06
           30.425      0.978   -1.4104e-11   +1.1368e-05       1.3205e+05     2.7519e-03
           60.832      1.955   -1.5715e-08   -2.2352e-08       5.1052e-01     1.3996e+00
           92.492      2.972   -3.8749e-09   +6.7409e-09       4.6430e-02     4.6409e+00
          156.113      5.016   +3.9422e-09   -7.2872e-10       5.4260e-04     4.2930e+01
          311.165      9.999   +1.3138e-09   +6.0753e-10       3.7714e-04     5.1493e+01
          622.375     19.999   -4.6377e-10   +4.0351e-10       1.6637e-04     7.7529e+01
a = 1.0, K = 80, lambda = 1.4820e-26, lambda' = -2.5169e-24, T* = 46.43; |f|^2 = 1.000000, sup|f| = 1.3997 at u = 0.2293 = a - 0.7707, total variation 5.5989 = 4.000 sup|f|
   (i) gamma = 14.135 (0.30 T*): S = -7.354e-18, S' = -8.747e-03, S'' = +7.492e-03;  delta=0.001: exact -1.2243e-09, second order -1.2243e-09, ratio 1.0000;  delta=0.01: exact -1.2242e-07, second order -1.2243e-07, ratio 1.0000;  delta=0.1: exact -1.2206e-05, second order -1.2243e-05, ratio 0.9970
   (i) gamma = 231.987 (5.00 T*): S = +1.842e-15, S' = +2.287e-15, S'' = -1.798e-15;  delta=0.001: exact -3.0686e-35, second order -3.0686e-35, ratio 1.0000;  delta=0.01: exact -3.0687e-33, second order -3.0686e-33, ratio 1.0000;  delta=0.1: exact -3.0803e-31, second order -3.0686e-31, ratio 1.0038
   (ii)  gamma      gamma/T*     S(gamma)        S'(gamma)       16 S'^2 / lambda     delta_c = (lambda/16S'^2)^(1/2)
           14.135      0.304   -7.3540e-18   -8.7474e-03       8.2609e+22     3.4793e-12
           21.022      0.453   +3.4091e-19   +3.3384e-04       1.2032e+20     9.1165e-11
           25.011      0.539   -2.9739e-20   -4.8005e-05       2.4879e+18     6.3399e-10
           30.425      0.655   -2.2029e-21   +2.6529e-06       7.5983e+15     1.1472e-08
           32.935      0.709   -1.3770e-21   -7.7365e-07       6.4620e+14     3.9338e-08
           25.011      0.539   -2.9739e-20   -4.8005e-05       2.4879e+18     6.3399e-10
           48.005      1.034   +1.4031e-19   -6.6944e-10       4.8384e+08     4.5462e-05
           92.492      1.992   -7.4245e-15   +1.5334e-14       2.5385e-01     1.9848e+00
          139.736      3.010   -1.0193e-15   +5.2031e-15       2.9227e-02     5.8493e+00
          231.987      4.997   +1.8419e-15   +2.2869e-15       5.6464e-03     1.3308e+01
          464.057      9.995   +1.0689e-15   -2.8063e-16       8.5026e-05     1.0845e+02
          928.664     20.003   +3.4148e-16   -4.0993e-16       1.8142e-04     7.4242e+01
a = 1.25, K = 140, lambda = 3.4161e-51, lambda' = -9.8697e-49, T* = 76.54; |f|^2 = 1.000000, sup|f| = 1.3839 at u = 0.2324 = a - 1.0176, total variation 5.5357 = 4.000 sup|f|
   (i) gamma = 14.135 (0.18 T*): S = -6.053e-18, S' = -7.200e-03, S'' = +6.641e-03;  delta=0.001: exact -8.2937e-10, second order -8.2938e-10, ratio 1.0000;  delta=0.01: exact -8.2935e-08, second order -8.2938e-08, ratio 1.0000;  delta=0.1: exact -8.2642e-06, second order -8.2938e-06, ratio 0.9964
   (i) gamma = 383.444 (5.01 T*): S = -4.196e-28, S' = +1.290e-27, S'' = +6.219e-28;  delta=0.001: exact -2.2446e-59, second order -2.2446e-59, ratio 1.0000;  delta=0.01: exact -2.2447e-57, second order -2.2446e-57, ratio 1.0001;  delta=0.1: exact -2.2566e-55, second order -2.2446e-55, ratio 1.0053
   (ii)  gamma      gamma/T*     S(gamma)        S'(gamma)       16 S'^2 / lambda     delta_c = (lambda/16S'^2)^(1/2)
           14.135      0.185   -6.0529e-18   -7.1997e-03       2.4278e+47     2.0295e-24
           21.022      0.275   +2.1132e-19   +2.0693e-04       2.0056e+44     7.0611e-23
           25.011      0.327   -1.4836e-20   -2.3945e-05       2.6855e+42     6.1022e-22
           30.425      0.397   -7.4935e-22   +9.2371e-07       3.9963e+39     1.5819e-20
           32.935      0.430   -4.4186e-22   -2.2215e-07       2.3113e+38     6.5776e-20
           37.586      0.491   +6.9795e-23   +2.0273e-08       1.9250e+36     7.2076e-19
           77.145      1.008   -5.6042e-32   +9.5411e-18       4.2637e+17     1.5315e-09
          153.025      1.999   +2.2683e-27   +7.1180e-27       2.3730e-01     2.0528e+00
          229.337      2.996   +1.9723e-28   -3.2017e-27       4.8010e-02     4.5639e+00
          383.444      5.009   -4.1964e-28   +1.2899e-27       7.7931e-03     1.1328e+01
          766.088     10.008   -2.7778e-28   -4.0848e-28       7.8148e-04     3.5772e+01
         1531.021     20.002   +6.7262e-29   +2.2897e-28       2.4555e-04     6.3816e+01
