the echo set S of the window: |S°| interior points, the longest shortest chain from the edge, the largest orbit of a walk from
any interior point (confinement), the top eigenvalue of C (poles of sigma_eff where sigma~ = eigenvalue) and of C with the edge
adjoined (zeros of sigma_eff), against min sigma~ ~ 1 and sigma~(T*) = 2a - lambda, sigma~(e T*) = 2a + 1 - lambda
    a    entries                    |S°|   chain   orbit    max eig C   max eig C+edge   |b|^2 = sum c_d^2   2a     trees of the two edges
  0.350  [2]                            2      1        2      0.0000          0.4901       0.2402        0.700   disjoint
  0.375  [2]                            2      1        2      0.0000          0.4901       0.2402        0.750   disjoint
  0.400  [2]                            2      1        2      0.0000          0.4901       0.2402        0.800   disjoint
  0.425  [2]                            2      1        2      0.0000          0.4901       0.2402        0.850   disjoint
  0.450  [2]                            2      1        2      0.0000          0.4901       0.2402        0.900   disjoint
  0.475  [2]                            2      1        2      0.0000          0.4901       0.2402        0.950   disjoint
  0.500  [2]                            2      1        2      0.0000          0.4901       0.2402        1.000   disjoint
  0.525  [2]                            2      1        2      0.0000          0.4901       0.2402        1.050   disjoint
  0.550  [2, 3]                         6      2        2      0.4901          0.9009       0.6425        1.100   disjoint
  0.575  [2, 3]                         6      2        4      0.4901          0.9009       0.6425        1.150   disjoint
  0.600  [2, 3]                         6      2        4      0.4901          0.9009       0.6425        1.200   disjoint
  0.625  [2, 3]                         6      2        4      0.4901          0.9009       0.6425        1.250   disjoint
  0.650  [2, 3]                         6      2        4      0.4901          0.9009       0.6425        1.300   disjoint
  0.675  [2, 3]                         6      2        4      0.4901          0.9009       0.6425        1.350   disjoint
  0.700  [2, 3, 4]                     12      3        7      0.9009          1.1723       0.7627        1.400   disjoint
  0.725  [2, 3, 4]                     12      3        7      0.9009          1.1723       0.7627        1.450   disjoint
  0.750  [2, 3, 4]                     12      3        7      0.9009          1.1723       0.7627        1.500   disjoint
  0.775  [2, 3, 4]                     22      6       12      1.1723          1.2191       0.7627        1.550   disjoint
  0.800  [2, 3, 4]                     22      6       12      1.1723          1.2191       0.7627        1.600   disjoint
  0.825  [2, 3, 4, 5]                 148     30       75      1.4705          1.4709       1.2807        1.650   disjoint

the tree at a = 0.6: entries [(2, 0.6931, 0.4901), (3, 1.0986, 0.6343)]
  S° = [-0.4986, -0.1945, -0.0931, 0.0931, 0.1945, 0.4986]  chain lengths {0.6: 0, -0.4986: 1, -0.0931: 1, 0.1945: 2}
  C =
 [[0.     0.     0.     0.     0.4901 0.    ]
 [0.     0.     0.     0.     0.     0.4901]
 [0.     0.     0.     0.     0.     0.    ]
 [0.     0.     0.     0.     0.     0.    ]
 [0.4901 0.     0.     0.     0.     0.    ]
 [0.     0.4901 0.     0.     0.     0.    ]] 
  b = [0.6343 0.     0.4901 0.     0.     0.    ]  bbar = [0.     0.     0.     0.4901 0.     0.6343]
  eigenvalues of C: [-0.4901 -0.4901  0.      0.      0.4901  0.4901]  of C with the edge: [-0.9009 -0.4901 -0.2666  0.      0.2666  0.4901  0.9009]
  sigma~ =  1.0: R = 0.7697 (first order |b|^2/sigma~ = 0.6425), sigma_eff = 0.2303, rho = [0.8348 0.     0.4901 0.     0.4092 0.    ], mean |E|^2 = 2.1046, M_chi - 1 = 8.1404 (first order 2|b|^2/sigma~^2 = 1.2851)
  sigma~ =  1.5: R = 0.4604 (first order |b|^2/sigma~ = 0.4284), sigma_eff = 1.0396, rho = [0.4734 0.     0.3268 0.     0.1547 0.    ], mean |E|^2 = 1.3548, M_chi - 1 = 0.9548 (first order 2|b|^2/sigma~^2 = 0.5711)
  sigma~ =  2.0: R = 0.3341 (first order |b|^2/sigma~ = 0.3213), sigma_eff = 1.6659, rho = [0.3374 0.     0.2451 0.     0.0827 0.    ], mean |E|^2 = 1.1807, M_chi - 1 = 0.4176 (first order 2|b|^2/sigma~^2 = 0.3213)
  sigma~ =  2.8: R = 0.2340 (first order |b|^2/sigma~ = 0.2295), sigma_eff = 2.5660, rho = [0.2337 0.     0.175  0.     0.0409 0.    ], mean |E|^2 = 1.0869, M_chi - 1 = 0.1861 (first order 2|b|^2/sigma~^2 = 0.1639)
  sigma~ =  3.5: R = 0.1859 (first order |b|^2/sigma~ = 0.1836), sigma_eff = 3.3141, rho = [0.1848 0.     0.14   0.     0.0259 0.    ], mean |E|^2 = 1.0544, M_chi - 1 = 0.1136 (first order 2|b|^2/sigma~^2 = 0.1049)
  sigma~ =  4.2: R = 0.1543 (first order |b|^2/sigma~ = 0.1530), sigma_eff = 4.0457, rho = [0.1531 0.     0.1167 0.     0.0179 0.    ], mean |E|^2 = 1.0374, M_chi - 1 = 0.0769 (first order 2|b|^2/sigma~^2 = 0.0729)
  sigma~ =  5.0: R = 0.1293 (first order |b|^2/sigma~ = 0.1285), sigma_eff = 4.8707, rho = [0.1281 0.     0.098  0.     0.0126 0.    ], mean |E|^2 = 1.0262, M_chi - 1 = 0.0534 (first order 2|b|^2/sigma~^2 = 0.0514)
