data/fem_a0.3_primefree.json: a = 0.3, lambda = +0.222557, lambda' = -3.42880;  predicted C = (-lambda'/2)^(1/2) = 1.3094, beta = -gamma - log(2 pi a) - lambda = -1.4337
      delta      L = log(a/delta)   f(a-delta)   f / [C (L + beta)^(-1/2)]
      8.93e-13    26.541           0.26248      1.0045
      1.14e-10    21.689           0.29123      1.0010
      7.31e-09    17.530           0.32680      1.0013
      9.36e-07    12.678           0.39132      1.0022
      7.49e-06    10.598           0.43378      1.0029
      9.54e-05     8.053           0.51063      1.0034
      9.69e-04     5.735           0.63775      1.0102
      9.84e-03     3.417           0.93802      1.0090
data/fem_a0.4_primefree.json: a = 0.4, lambda = -0.078050, lambda' = -2.66640;  predicted C = (-lambda'/2)^(1/2) = 1.1546, beta = -gamma - log(2 pi a) - lambda = -1.4208
      delta      L = log(a/delta)   f(a-delta)   f / [C (L + beta)^(-1/2)]
      1.19e-12    26.541           0.23042      1.0002
      7.62e-11    22.382           0.25245      1.0010
      9.75e-09    17.530           0.28807      1.0013
      1.25e-06    12.678           0.34488      1.0022
      9.98e-06    10.598           0.38225      1.0029
      1.03e-04     8.264           0.44273      1.0030
      1.05e-03     5.946           0.54769      1.0090
      9.57e-03     3.733           0.76933      1.0132
data/fem_a0.5_primefree.json: a = 0.5, lambda = -0.322243, lambda' = -2.25815;  predicted C = (-lambda'/2)^(1/2) = 1.0626, beta = -gamma - log(2 pi a) - lambda = -1.3997
      delta      L = log(a/delta)   f(a-delta)   f / [C (L + beta)^(-1/2)]
      7.44e-13    27.234           0.20997      1.0044
      9.52e-11    22.382           0.23220      1.0010
      1.22e-08    17.530           0.26493      1.0013
      7.80e-07    13.371           0.30771      1.0020
      1.25e-05    10.598           0.35137      1.0029
      1.04e-04     8.474           0.40057      1.0027
      9.54e-04     6.262           0.48551      1.0075
      9.69e-03     3.944           0.67503      1.0133
data/fem_a0.5_primefree_471nodes.json: a = 0.5, lambda = -0.322242, lambda' = -2.25815;  predicted C = (-lambda'/2)^(1/2) = 1.0626, beta = -gamma - log(2 pi a) - lambda = -1.3997
      delta      L = log(a/delta)   f(a-delta)   f / [C (L + beta)^(-1/2)]
      1.03e-12    26.913           0.21017      0.9991
      1.06e-10    22.276           0.23263      1.0003
      1.09e-08    17.640           0.26380      1.0005
      1.13e-06    13.003           0.31223      1.0009
      9.58e-06    10.863           0.34594      1.0015
      1.16e-04     8.366           0.40395      1.0034
      9.89e-04     6.226           0.48772      1.0084
      8.40e-03     4.086           0.65803      1.0150
data/fem_a0.6_primefree.json: a = 0.6, lambda = -0.535886, lambda' = -2.03880;  predicted C = (-lambda'/2)^(1/2) = 1.0097, beta = -gamma - log(2 pi a) - lambda = -1.3684
      delta      L = log(a/delta)   f(a-delta)   f / [C (L + beta)^(-1/2)]
      8.93e-13    27.234           0.19939      1.0044
      1.14e-10    22.382           0.22047      1.0010
      7.31e-09    18.223           0.24624      1.0013
      9.36e-07    13.371           0.29200      1.0020
      7.49e-06    11.291           0.32137      1.0027
      1.01e-04     8.685           0.37416      1.0024
      1.03e-03     6.367           0.45467      1.0068
      1.05e-02     4.049           0.62391      1.0118
