a = 0.6, entries [2, 3], FEM nodes 487, lambda = 5.9459e-07; K-mode K = 48, degree 95, lambda_K = 5.9659e-07; T* = 20.86; (2K-1)/a = 7.6 T*, (2K-1)^2/a = 721 T*; X = 2 sum c_d = 2.249, periodic band top 2.9 T*

(i) relative L^2 distance of the K-mode transform from the FEM transform over [T - T*, T + T*], and the ratio of their mean squares:
   T =   2 T*: distance 0.0007, <S_K^2>/<S_fem^2> = 1.0013
   T =   3 T*: distance 0.0026, <S_K^2>/<S_fem^2> = 1.0031
   T =   5 T*: distance 0.0063, <S_K^2>/<S_fem^2> = 1.0049
   T =   7 T*: distance 0.0294, <S_K^2>/<S_fem^2> = 0.9961
   T =  10 T*: distance 0.1494, <S_K^2>/<S_fem^2> = 0.9242
   T =  15 T*: distance 0.1900, <S_K^2>/<S_fem^2> = 0.8791
   T =  20 T*: distance 0.1991, <S_K^2>/<S_fem^2> = 1.0028
   T =  30 T*: distance 0.1640, <S_K^2>/<S_fem^2> = 0.8321

real zeros of the window's symbol: 11, the last at 2.21 T*; of the archimedean symbol: [6.29]

(ii) the nulls on 10-30 T*: residual r + theta_inf - kappa/t and its regression on (alpha_d sin(td) + beta_d cos(td))/sigma~_inf; the echo form predicts alpha_d = c_d, beta_d = 0:
   FEM    : 81 nulls, rms 0.1390 (kappa = 99.0); m = 2: alpha = +0.5020 (c_d = 0.4901), beta = -0.0019, m = 3: alpha = +0.6351 (c_d = 0.6343), beta = -0.0051; rms after 0.0218
   K-mode : 81 nulls, rms 0.0554 (kappa = 101.4); m = 2: alpha = -0.0027 (c_d = 0.4901), beta = +0.0000, m = 3: alpha = +0.1634 (c_d = 0.6343), beta = -0.0128; rms after 0.0476

(iii) FEM nulls on 5-34 T*: the window's symbol phase theta_a, and the regression of its residual on (p sin + q cos)(t (v - 2a))/sigma~_inf^2 over the two-step mirror words v = d + d' > 2a:
   mirror frequencies v - 2a and chain weights sum c_d c_d': 0.1863 (0.2402: 2x2); 0.5918 (0.6218: 2x3,3x2); 0.9972 (0.4023: 3x3)
   114 nulls; rms r + phase - kappa/t:  window's symbol 0.0365 (kappa = 301.1),  tree 0.0009 (kappa = 86.1),  archimedean 0.1445 (kappa = 94.1)
   window's symbol residual regressed on the mirror frequencies: omega = 0.1863: amplitude 0.1904 (weight 0.2402); omega = 0.5918: amplitude 0.5138 (weight 0.6218); omega = 0.9972: amplitude 0.3483 (weight 0.4023); rms after 0.0186
   control, the tree's residual regressed on the same frequencies: omega = 0.1863: amplitude 0.0022; omega = 0.5918: amplitude 0.0008; omega = 0.9972: amplitude 0.0019; rms after 0.0009
     5- 10 T* ( 19 nulls): window's symbol rms 0.0460, after the mirror fit 0.0333, tree 0.0013, archimedean 0.1747;  (X/s)^2 at the band's centre = 0.4861
    10- 20 T* ( 40 nulls): window's symbol rms 0.0397, after the mirror fit 0.0155, tree 0.0007, archimedean 0.1495;  (X/s)^2 at the band's centre = 0.3306
    20- 34 T* ( 55 nulls): window's symbol rms 0.0299, after the mirror fit 0.0128, tree 0.0009, archimedean 0.1285;  (X/s)^2 at the band's centre = 0.2501
