fem_a0.4_full.json: a = 0.4, lambda = 1.470510e-02, lambda' = -4.659465e-01, P = 0.08769, T* = 13.983, entries inside the window [2], first 6000 zeros to 6365.9 = 455 T*; 2 sum_6000 |F|^2 / lambda = 0.99841
   kappa    M sharp      | smooth cutoff 1-exp(-(t/T)^4):   Z_chi       D_chi      prime sum (inside | all)     identity residual   M_chi = D/Z    1 + 2c^2/sigma(T)^2
   1.000     1.8141      |   1.42654e-02  5.29849e-02   +3.784e-02 | +3.872e-02    -1.60e-08 (-0.0000 of Z)      3.7142        1.7791
   1.500     0.7311      |   1.15376e-02  2.26944e-02   +1.104e-02 | +1.116e-02    -1.70e-08 (-0.0000 of Z)      1.9670        1.3388
   2.000     1.1543      |   8.01055e-03  1.22175e-02   +4.227e-03 | +4.207e-03    -1.82e-08 (-0.0000 of Z)      1.5252        1.2198
   2.718     1.0135      |   5.34176e-03  6.80655e-03   +1.464e-03 | +1.465e-03    -1.89e-08 (-0.0000 of Z)      1.2742        1.1507
   3.000     1.0451      |   4.74930e-03  5.81399e-03   +1.065e-03 | +1.065e-03    -1.89e-08 (-0.0000 of Z)      1.2242        1.1354
   4.000     1.0539      |   3.45151e-03  3.92816e-03   +4.766e-04 | +4.766e-04    -1.91e-08 (-0.0000 of Z)      1.1381        1.1019
   6.000     1.0139      |   2.23148e-03  2.40290e-03   +1.714e-04 | +1.714e-04    -1.93e-08 (-0.0000 of Z)      1.0768        1.0723
   10.000     1.0257      |   1.31587e-03  1.37524e-03   +5.934e-05 | +5.934e-05    -1.95e-08 (-0.0000 of Z)      1.0451        1.0504
   20.000     1.0258      |   6.52247e-04  6.70333e-04   +1.807e-05 | +1.807e-05    -1.95e-08 (-0.0000 of Z)      1.0277        1.0336
fem_a0.45_full.json: a = 0.45, lambda = 2.404578e-03, lambda' = -1.012829e-01, P = 0.09567, T* = 15.454, entries inside the window [2], first 6000 zeros to 6365.9 = 412 T*; 2 sum_6000 |F|^2 / lambda = 0.99789
   kappa    M sharp      | smooth cutoff 1-exp(-(t/T)^4):   Z_chi       D_chi      prime sum (inside | all)     identity residual   M_chi = D/Z    1 + 2c^2/sigma(T)^2
   1.000     3.6086      |   2.37125e-03  2.25885e-02   +2.053e-02 | +2.022e-02    -5.35e-09 (-0.0000 of Z)      9.5260        1.5963
   1.500     0.9104      |   2.02206e-03  6.97180e-03   +4.790e-03 | +4.950e-03    -5.13e-09 (-0.0000 of Z)      3.4479        1.2830
   2.000     1.1435      |   1.54723e-03  3.21193e-03   +1.650e-03 | +1.665e-03    -5.00e-09 (-0.0000 of Z)      2.0759        1.1899
   2.718     1.0850      |   1.07491e-03  1.61423e-03   +5.418e-04 | +5.393e-04    -4.90e-09 (-0.0000 of Z)      1.5017        1.1334
   3.000     1.0787      |   9.53297e-04  1.33467e-03   +3.820e-04 | +3.814e-04    -4.86e-09 (-0.0000 of Z)      1.4001        1.1206
   4.000     1.0706      |   6.83577e-04  8.27882e-04   +1.443e-04 | +1.443e-04    -4.78e-09 (-0.0000 of Z)      1.2111        1.0921
   6.000     1.0567      |   4.39492e-04  4.82049e-04   +4.255e-05 | +4.255e-05    -4.72e-09 (-0.0000 of Z)      1.0968        1.0664
   10.000     1.0321      |   2.58364e-04  2.70721e-04   +1.235e-05 | +1.235e-05    -4.67e-09 (-0.0000 of Z)      1.0478        1.0469
   20.000     1.0202      |   1.27913e-04  1.31354e-04   +3.436e-06 | +3.436e-06    -4.67e-09 (-0.0000 of Z)      1.0269        1.0317
fem_a0.5_full.json: a = 0.5, lambda = 1.936801e-04, lambda' = -1.123556e-02, P = 0.10165, T* = 17.079, entries inside the window [2], first 6000 zeros to 6365.9 = 373 T*; 2 sum_6000 |F|^2 / lambda = 0.99710
   kappa    M sharp      | smooth cutoff 1-exp(-(t/T)^4):   Z_chi       D_chi      prime sum (inside | all)     identity residual   M_chi = D/Z    1 + 2c^2/sigma(T)^2
   1.000     8.8568      |   1.92749e-04  1.08432e-02   +1.158e-02 | +1.065e-02    -3.18e-11 (-0.0000 of Z)     56.2555        1.4806
   1.500     1.5270      |   1.76304e-04  2.61838e-03   +2.475e-03 | +2.442e-03    -3.23e-11 (-0.0000 of Z)     14.8515        1.2433
   2.000     1.3908      |   1.42250e-04  9.56950e-04   +8.048e-04 | +8.147e-04    -2.95e-11 (-0.0000 of Z)      6.7272        1.1676
   2.718     1.0246      |   1.06297e-04  3.54009e-04   +2.424e-04 | +2.477e-04    -2.82e-11 (-0.0000 of Z)      3.3304        1.1201
   3.000     1.0091      |   9.62823e-05  2.64633e-04   +1.652e-04 | +1.684e-04    -2.84e-11 (-0.0000 of Z)      2.7485        1.1091
   4.000     1.0095      |   7.08804e-05  1.25506e-04   +5.456e-05 | +5.463e-05    -2.89e-11 (-0.0000 of Z)      1.7707        1.0844
   6.000     1.0697      |   4.49302e-05  5.70516e-05   +1.212e-05 | +1.212e-05    -3.00e-11 (-0.0000 of Z)      1.2698        1.0617
   10.000     1.0523      |   2.61095e-05  2.83264e-05   +2.217e-06 | +2.217e-06    -2.99e-11 (-0.0000 of Z)      1.0849        1.0441
   20.000     1.0195      |   1.28517e-05  1.32395e-05   +3.878e-07 | +3.878e-07    -2.95e-11 (-0.0000 of Z)      1.0302        1.0301
