fem_a0.4_full.json: a = 0.4, lambda = 1.470510e-02, lambda' = -4.659465e-01, P = 0.08769, T* = 13.983, entries inside the window [2], first 6000 zeros to 6365.9 = 455 T*; 2 sum_6000 |F|^2 / lambda = 0.99841
   echo tree: S° = [-0.2931  0.2931], |b|^2 = sum_(log m < 2a) Lambda(m)^2/m = 0.2402, t_lambda = 6.3828
   kappa    M sharp      | smooth cutoff 1-exp(-(t/T)^8):   Z_chi       D_chi      prime sum (inside | all)     identity residual   M_chi = D/Z    1 + 2|b|^2/sigma(T)^2   tree at T   tree averaged   2|b|^2<sigma~^-2> averaged
   1.000     1.8141      |   1.43121e-02  3.68696e-02   +1.478e-02 | +2.256e-02    -1.78e-08 (-0.0000 of Z)      2.5761        1.7791            2.2762      1.2140          1.1933
   1.500     0.7311      |   1.18425e-02  1.48775e-02   +3.988e-03 | +3.035e-03    -1.68e-08 (-0.0000 of Z)      1.2563        1.3388            1.4080      1.1477          1.1375
   2.000     1.1543      |   6.70458e-03  7.77591e-03   +1.142e-03 | +1.071e-03    -1.88e-08 (-0.0000 of Z)      1.1598        1.2198            1.2469      1.1133          1.1072
   2.718     1.0135      |   4.34848e-03  4.64307e-03   +2.647e-04 | +2.946e-04    -1.92e-08 (-0.0000 of Z)      1.0677        1.1507            1.1630      1.0868          1.0832
   3.000     1.0451      |   3.95769e-03  4.17211e-03   +2.242e-04 | +2.144e-04    -1.91e-08 (-0.0000 of Z)      1.0542        1.1354            1.1452      1.0800          1.0769
   4.000     1.0539      |   3.00740e-03  3.24483e-03   +2.323e-04 | +2.374e-04    -1.91e-08 (-0.0000 of Z)      1.0790        1.1019            1.1074      1.0639          1.0620
   6.000     1.0139      |   1.94769e-03  2.03413e-03   +8.663e-05 | +8.642e-05    -1.93e-08 (-0.0000 of Z)      1.0444        1.0723            1.0751      1.0481          1.0470
   10.000     1.0257      |   1.16263e-03  1.20249e-03   +3.984e-05 | +3.984e-05    -1.95e-08 (-0.0000 of Z)      1.0343        1.0504            1.0517      1.0352          1.0346
   20.000     1.0258      |   5.78996e-04  5.92947e-04   +1.393e-05 | +1.393e-05    -1.95e-08 (-0.0000 of Z)      1.0241        1.0336            1.0342      1.0247          1.0244
fem_a0.45_full.json: a = 0.45, lambda = 2.404578e-03, lambda' = -1.012829e-01, P = 0.09567, T* = 15.454, entries inside the window [2], first 6000 zeros to 6365.9 = 412 T*; 2 sum_6000 |F|^2 / lambda = 0.99789
   echo tree: S° = [-0.2431  0.2431], |b|^2 = sum_(log m < 2a) Lambda(m)^2/m = 0.2402, t_lambda = 6.3049
   kappa    M sharp      | smooth cutoff 1-exp(-(t/T)^8):   Z_chi       D_chi      prime sum (inside | all)     identity residual   M_chi = D/Z    1 + 2|b|^2/sigma(T)^2   tree at T   tree averaged   2|b|^2<sigma~^-2> averaged
   1.000     3.6086      |   2.37797e-03  1.16097e-02   +5.601e-03 | +9.232e-03    -5.29e-09 (-0.0000 of Z)      4.8822        1.5963            1.8497      1.1939          1.1767
   1.500     0.9104      |   2.04931e-03  2.72604e-03   +6.141e-04 | +6.767e-04    -5.08e-09 (-0.0000 of Z)      1.3302        1.2830            1.3296      1.1330          1.1247
   2.000     1.1435      |   1.41440e-03  1.52202e-03   +1.885e-04 | +1.076e-04    -4.93e-09 (-0.0000 of Z)      1.0761        1.1899            1.2098      1.1026          1.0975
   2.718     1.0850      |   9.20891e-04  9.98891e-04   +8.824e-05 | +7.800e-05    -4.89e-09 (-0.0000 of Z)      1.0847        1.1334            1.1430      1.0791          1.0761
   3.000     1.0787      |   7.99712e-04  8.69443e-04   +6.371e-05 | +6.973e-05    -4.84e-09 (-0.0000 of Z)      1.0872        1.1206            1.1283      1.0731          1.0706
   4.000     1.0706      |   5.89843e-04  6.27193e-04   +3.781e-05 | +3.735e-05    -4.75e-09 (-0.0000 of Z)      1.0633        1.0921            1.0966      1.0589          1.0572
   6.000     1.0567      |   3.84478e-04  4.02063e-04   +1.763e-05 | +1.758e-05    -4.71e-09 (-0.0000 of Z)      1.0457        1.0664            1.0687      1.0448          1.0438
   10.000     1.0321      |   2.28248e-04  2.35785e-04   +7.536e-06 | +7.532e-06    -4.66e-09 (-0.0000 of Z)      1.0330        1.0469            1.0480      1.0331          1.0326
   20.000     1.0202      |   1.13524e-04  1.16115e-04   +2.587e-06 | +2.587e-06    -4.67e-09 (-0.0000 of Z)      1.0228        1.0317            1.0322      1.0234          1.0231
fem_a0.5_full.json: a = 0.5, lambda = 1.936801e-04, lambda' = -1.123556e-02, P = 0.10165, T* = 17.079, entries inside the window [2], first 6000 zeros to 6365.9 = 373 T*; 2 sum_6000 |F|^2 / lambda = 0.99710
   echo tree: S° = [-0.1931  0.1931], |b|^2 = sum_(log m < 2a) Lambda(m)^2/m = 0.2402, t_lambda = 6.2911
   kappa    M sharp      | smooth cutoff 1-exp(-(t/T)^8):   Z_chi       D_chi      prime sum (inside | all)     identity residual   M_chi = D/Z    1 + 2|b|^2/sigma(T)^2   tree at T   tree averaged   2|b|^2<sigma~^-2> averaged
   1.000     8.8568      |   1.93330e-04  3.43546e-03   +1.933e-03 | +3.242e-03    -2.65e-11 (-0.0000 of Z)     17.7699        1.4806            1.6327      1.1765          1.1622
   1.500     1.5270      |   1.81323e-04  4.55552e-04   +1.375e-04 | +2.742e-04    -3.33e-11 (-0.0000 of Z)      2.5124        1.2433            1.2770      1.1211          1.1142
   2.000     1.3908      |   1.33743e-04  1.91361e-04   +2.826e-05 | +5.762e-05    -2.87e-11 (-0.0000 of Z)      1.4308        1.1676            1.1830      1.0939          1.0896
   2.718     1.0246      |   9.56953e-05  1.07910e-04   +9.216e-06 | +1.222e-05    -2.68e-11 (-0.0000 of Z)      1.1276        1.1201            1.1278      1.0729          1.0704
   3.000     1.0091      |   8.63564e-05  9.31064e-05   +6.882e-06 | +6.750e-06    -2.77e-11 (-0.0000 of Z)      1.0782        1.1091            1.1154      1.0676          1.0654
   4.000     1.0095      |   6.29528e-05  6.43193e-05   +3.561e-06 | +1.367e-06    -2.93e-11 (-0.0000 of Z)      1.0217        1.0844            1.0881      1.0548          1.0533
   6.000     1.0697      |   3.86631e-05  4.06492e-05   +1.665e-06 | +1.986e-06    -3.05e-11 (-0.0000 of Z)      1.0514        1.0617            1.0636      1.0420          1.0411
   10.000     1.0523      |   2.29514e-05  2.36868e-05   +7.122e-07 | +7.353e-07    -2.99e-11 (-0.0000 of Z)      1.0320        1.0441            1.0450      1.0313          1.0308
   20.000     1.0195      |   1.13932e-05  1.16349e-05   +2.416e-07 | +2.417e-07    -2.96e-11 (-0.0000 of Z)      1.0212        1.0301            1.0306      1.0223          1.0221
fem_a0.6_full.json: a = 0.6, lambda = 5.945945e-07, lambda' = -4.154497e-05, P = 0.10977, T* = 20.861, entries inside the window [2, 3], first 6000 zeros to 6365.9 = 305 T*; 2 sum_6000 |F|^2 / lambda = 0.99650
   echo tree: S° = [-0.4986 -0.1945 -0.0931  0.0931  0.1945  0.4986], |b|^2 = sum_(log m < 2a) Lambda(m)^2/m = 0.6425, t_lambda = 6.2898
   kappa    M sharp      | smooth cutoff 1-exp(-(t/T)^8):   Z_chi       D_chi      prime sum (inside | all)     identity residual   M_chi = D/Z    1 + 2|b|^2/sigma(T)^2   tree at T   tree averaged   2|b|^2<sigma~^-2> averaged
   1.000    16.4259      |   5.94387e-07  3.77848e-04   +3.869e-04 | +3.773e-04    -5.72e-13 (-0.0000 of Z)    635.6934        1.8924            3.2870      1.5118          1.3649
   1.500     1.3870      |   5.69495e-07  1.74400e-05   +1.671e-05 | +1.687e-05    -3.29e-13 (-0.0000 of Z)     30.6235        1.4986            1.7705      1.3231          1.2577
   2.000     1.5520      |   4.34475e-07  2.28538e-06   +1.823e-06 | +1.851e-06    -3.43e-13 (-0.0000 of Z)      5.2601        1.3586            1.4823      1.2431          1.2043
   2.718     1.1358      |   2.88771e-07  4.86393e-07   +1.991e-07 | +1.976e-07    -3.69e-13 (-0.0000 of Z)      1.6844        1.2655            1.3283      1.1858          1.1624
   3.000     1.1343      |   2.54364e-07  3.60787e-07   +1.082e-07 | +1.064e-07    -3.72e-13 (-0.0000 of Z)      1.4184        1.2432            1.2950      1.1716          1.1515
   4.000     1.1507      |   1.82224e-07  2.17083e-07   +3.455e-08 | +3.486e-08    -3.60e-13 (-0.0000 of Z)      1.1913        1.1921            1.2232      1.1382          1.1249
   6.000     1.1193      |   1.17397e-07  1.30262e-07   +1.287e-08 | +1.286e-08    -3.54e-13 (-0.0000 of Z)      1.1096        1.1436            1.1603      1.1057          1.0978
   10.000     1.0635      |   6.93855e-08  7.46781e-08   +5.292e-09 | +5.292e-09    -3.62e-13 (-0.0000 of Z)      1.0763        1.1048            1.1134      1.0789          1.0745
   20.000     1.0485      |   3.45021e-08  3.62322e-08   +1.730e-09 | +1.730e-09    -3.63e-13 (-0.0000 of Z)      1.0501        1.0730            1.0771      1.0565          1.0542
