a = 1.0: N = 150000, chains <= 58, Lanczos steps 80, |b|^2 = 1.8217, top node of the Gauss quadrature of mu_b = 1.9451 (weight 2.07e-05); sigma~_inf(T*) = 2.00
   kappa   s=sigma~(kT*)   weight above s     R(s)     sigma_eff/s   1-|b|^2/s^2
      1       2.000           0.0000        1.5379       0.2310       0.5446
      2       2.693           0.0000        0.8331       0.6906       0.7488
      3       3.099           0.0000        0.6841       0.7792       0.8103
      5       3.609           0.0000        0.5635       0.8439       0.8602
      7       3.946           0.0000        0.5064       0.8717       0.8830
     10       4.303           0.0000        0.4579       0.8936       0.9016
     20       4.996           0.0000        0.3870       0.9225       0.9270
   weight of mu_b above s drops below  50%: s = 0.162 (t = 0.16 T*);  20%: s = 1.160 (t = 0.43 T*);  10%: s = 1.473 (t = 0.59 T*);  5%: s = 1.641 (t = 0.70 T*);  1%: s = 1.753 (t = 0.78 T*);  0.1%: s = 1.923 (t = 0.93 T*)
a = 1.25: N = 150000, chains <= 18, Lanczos steps 80, |b|^2 = 2.5385, top node of the Gauss quadrature of mu_b = 2.9338 (weight 4.20e-04); sigma~_inf(T*) = 2.50
   kappa   s=sigma~(kT*)   weight above s     R(s)     sigma_eff/s   1-|b|^2/s^2
      1       2.500           0.0308           nan          nan       0.5938
      2       3.193           0.0000        1.1789       0.6308       0.7510
      3       3.599           0.0000        0.9272       0.7424       0.8040
      5       4.109           0.0000        0.7534       0.8167       0.8497
      7       4.446           0.0000        0.6753       0.8481       0.8716
     10       4.803           0.0000        0.6102       0.8729       0.8899
     20       5.496           0.0000        0.5164       0.9060       0.9160
   weight of mu_b above s drops below  50%: s = 0.294 (t = 0.11 T*);  20%: s = 1.543 (t = 0.38 T*);  10%: s = 2.118 (t = 0.68 T*);  5%: s = 2.443 (t = 0.94 T*);  1%: s = 2.762 (t = 1.30 T*);  0.1%: s = 2.887 (t = 1.47 T*)
a = 1.5: N = 150000, chains <= 9, Lanczos steps 80, |b|^2 = 4.0031, top node of the Gauss quadrature of mu_b = 3.9374 (weight 3.35e-03); sigma~_inf(T*) = 3.00
   kappa   s=sigma~(kT*)   weight above s     R(s)     sigma_eff/s   1-|b|^2/s^2
      1       3.000           0.0399           nan          nan       0.5552
      2       3.693           0.0036           nan          nan       0.7065
      3       4.099           0.0000        1.4280       0.6516       0.7617
      5       4.609           0.0000        1.1030       0.7607       0.8116
      7       4.946           0.0000        0.9856       0.8007       0.8364
     10       5.303           0.0000        0.8911       0.8319       0.8576
     20       5.996           0.0000        0.7573       0.8737       0.8886
   weight of mu_b above s drops below  50%: s = 0.228 (t = 0.06 T*);  20%: s = 1.884 (t = 0.33 T*);  10%: s = 2.556 (t = 0.64 T*);  5%: s = 2.935 (t = 0.94 T*);  1%: s = 3.501 (t = 1.65 T*);  0.1%: s = 3.937 (t = 2.55 T*)
a = 1.75: N = 150000, chains <= 6, Lanczos steps 80, |b|^2 = 5.3653, top node of the Gauss quadrature of mu_b = 4.8365 (weight 7.38e-03); sigma~_inf(T*) = 3.50
   kappa   s=sigma~(kT*)   weight above s     R(s)     sigma_eff/s   1-|b|^2/s^2
      1       3.500           0.0592           nan          nan       0.5620
      2       4.193           0.0098           nan          nan       0.6949
      3       4.599           0.0074           nan          nan       0.7463
      5       5.109           0.0000        1.5128       0.7039       0.7945
      7       5.446           0.0000        1.2918       0.7628       0.8191
     10       5.803           0.0000        1.1539       0.8011       0.8407
     20       6.496           0.0000        0.9749       0.8499       0.8728
   weight of mu_b above s drops below  50%: s = 0.414 (t = 0.05 T*);  20%: s = 2.248 (t = 0.29 T*);  10%: s = 3.053 (t = 0.64 T*);  5%: s = 3.625 (t = 1.13 T*);  1%: s = 4.222 (t = 2.06 T*);  0.1%: s = 4.836 (t = 3.81 T*)
a = 2.0: N = 150000, chains <= 5, Lanczos steps 80, |b|^2 = 7.0731, top node of the Gauss quadrature of mu_b = 5.5234 (weight 1.24e-02); sigma~_inf(T*) = 4.00
   kappa   s=sigma~(kT*)   weight above s     R(s)     sigma_eff/s   1-|b|^2/s^2
      1       4.000           0.0467           nan          nan       0.5579
      2       4.693           0.0168           nan          nan       0.6789
      3       5.099           0.0125           nan          nan       0.7279
      5       5.609           0.0000        2.6696       0.5241       0.7752
      7       5.946           0.0000        1.6937       0.7152       0.7999
     10       6.303           0.0000        1.4662       0.7674       0.8219
     20       6.996           0.0000        1.2244       0.8250       0.8555
   weight of mu_b above s drops below  50%: s = 0.426 (t = 0.03 T*);  20%: s = 2.515 (t = 0.23 T*);  10%: s = 3.553 (t = 0.64 T*);  5%: s = 4.043 (t = 1.04 T*);  1%: s = 5.523 (t = 4.59 T*);  0.1%: s = 5.523 (t = 4.59 T*)
a = 2.25: N = 150000, chains <= 4, Lanczos steps 80, |b|^2 = 9.1296, top node of the Gauss quadrature of mu_b = 5.8335 (weight 2.55e-02); sigma~_inf(T*) = 4.50
   kappa   s=sigma~(kT*)   weight above s     R(s)     sigma_eff/s   1-|b|^2/s^2
      1       4.500           0.0628           nan          nan       0.5492
      2       5.193           0.0289           nan          nan       0.6615
      3       5.599           0.0255           nan          nan       0.7087
      5       6.109           0.0000        2.7690       0.5468       0.7554
      7       6.446           0.0000        2.1184       0.6714       0.7803
     10       6.803           0.0000        1.8294       0.7311       0.8027
     20       7.496           0.0000        1.5173       0.7976       0.8375
   weight of mu_b above s drops below  50%: s = 0.008 (t = 0.01 T*);  20%: s = 2.550 (t = 0.14 T*);  10%: s = 3.643 (t = 0.42 T*);  5%: s = 4.887 (t = 1.47 T*);  1%: s = 5.833 (t = 3.79 T*);  0.1%: s = 5.833 (t = 3.79 T*)
a = 2.5: N = 150000, chains <= 4, Lanczos steps 80, |b|^2 = 11.1586, top node of the Gauss quadrature of mu_b = 6.5210 (weight 1.93e-02); sigma~_inf(T*) = 5.00
   kappa   s=sigma~(kT*)   weight above s     R(s)     sigma_eff/s   1-|b|^2/s^2
      1       5.000           0.0558           nan          nan       0.5537
      2       5.693           0.0277           nan          nan       0.6557
      3       6.099           0.0202           nan          nan       0.7000
      5       6.609           0.0000        4.7843       0.2761       0.7446
      7       6.946           0.0000        2.6053       0.6249       0.7687
     10       7.303           0.0000        2.1841       0.7009       0.7908
     20       7.996           0.0000        1.7922       0.7759       0.8255
   weight of mu_b above s drops below  50%: s = 0.317 (t = 0.01 T*);  20%: s = 3.317 (t = 0.19 T*);  10%: s = 4.588 (t = 0.66 T*);  5%: s = 5.335 (t = 1.40 T*);  1%: s = 6.521 (t = 4.58 T*);  0.1%: s = 6.521 (t = 4.58 T*)
