a = 1.0: N = 6000, chains <= 20, |b|^2 = 1.8217, rho_N = 1.9367, top of supp mu_b = 1.9367, mean of mu_b/|b|^2 = 0.0914, second moment 0.9365 (= (b^T C^2 b)/|b|^2); sigma~_inf(T*) = 2.00
   kappa   s=sigma~(kT*)   weight above s   density at s (eta=0.1)   R(s)      sigma_eff/s   1-|b|^2/s^2   Im R / pi (radiative width)
      1       2.000           0.0000              0.0412            1.5379       0.2310       0.5446          0.0751
      2       2.693           0.0000              0.0081            0.8331       0.6906       0.7488          0.0147
      3       3.099           0.0000              0.0051            0.6841       0.7792       0.8103          0.0093
      5       3.609           0.0000              0.0033            0.5635       0.8439       0.8602          0.0061
      7       3.946           0.0000              0.0026            0.5064       0.8717       0.8830          0.0048
     10       4.303           0.0000              0.0021            0.4579       0.8936       0.9016          0.0039
     20       4.996           0.0000              0.0015            0.3870       0.9225       0.9270          0.0027
   weight of mu_b above s drops below  50%: s = 0.073 (t = 0.15 T*);  20%: s = 1.102 (t = 0.41 T*);  10%: s = 1.409 (t = 0.55 T*);  5%: s = 1.600 (t = 0.67 T*);  1%: s = 1.726 (t = 0.76 T*)
a = 1.25: N = 6000, chains <= 8, |b|^2 = 2.5385, rho_N = 2.8234, top of supp mu_b = 2.8234, mean of mu_b/|b|^2 = 0.2473, second moment 1.6452 (= (b^T C^2 b)/|b|^2); sigma~_inf(T*) = 2.50
   kappa   s=sigma~(kT*)   weight above s   density at s (eta=0.1)   R(s)      sigma_eff/s   1-|b|^2/s^2   Im R / pi (radiative width)
      1       2.500           0.0417              0.1216            1.2795       0.4882       0.5938          0.3086
      2       3.193           0.0000              0.0111            1.1787       0.6309       0.7510          0.0281
      3       3.599           0.0000              0.0055            0.9272       0.7424       0.8040          0.0141
      5       4.109           0.0000              0.0033            0.7534       0.8167       0.8497          0.0084
      7       4.446           0.0000              0.0026            0.6753       0.8481       0.8716          0.0065
     10       4.803           0.0000              0.0020            0.6102       0.8729       0.8899          0.0052
     20       5.496           0.0000              0.0014            0.5164       0.9060       0.9160          0.0036
   weight of mu_b above s drops below  50%: s = 0.166 (t = 0.10 T*);  20%: s = 1.411 (t = 0.34 T*);  10%: s = 2.071 (t = 0.65 T*);  5%: s = 2.392 (t = 0.90 T*);  1%: s = 2.765 (t = 1.30 T*)
a = 1.5: N = 6000, chains <= 5, |b|^2 = 4.0031, rho_N = 3.5734, top of supp mu_b = 3.5734, mean of mu_b/|b|^2 = 0.1880, second moment 2.6495 (= (b^T C^2 b)/|b|^2); sigma~_inf(T*) = 3.00
   kappa   s=sigma~(kT*)   weight above s   density at s (eta=0.1)   R(s)      sigma_eff/s   1-|b|^2/s^2   Im R / pi (radiative width)
      1       3.000           0.0341              0.0425            1.9947       0.3351       0.5552          0.1700
      2       3.693           0.0000              0.0406            2.3191       0.3720       0.7065          0.1626
      3       4.099           0.0000              0.0067            1.3946       0.6597       0.7617          0.0268
      5       4.609           0.0000              0.0032            1.1021       0.7609       0.8116          0.0128
      7       4.946           0.0000              0.0024            0.9853       0.8008       0.8364          0.0095
     10       5.303           0.0000              0.0019            0.8911       0.8320       0.8576          0.0074
     20       5.996           0.0000              0.0013            0.7573       0.8737       0.8886          0.0051
   weight of mu_b above s drops below  50%: s = 0.147 (t = 0.06 T*);  20%: s = 1.732 (t = 0.28 T*);  10%: s = 2.462 (t = 0.58 T*);  5%: s = 2.693 (t = 0.74 T*);  1%: s = 3.573 (t = 1.77 T*)
a = 1.75: N = 6000, chains <= 4, |b|^2 = 5.3653, rho_N = 4.1987, top of supp mu_b = 4.1987, mean of mu_b/|b|^2 = 0.2546, second moment 3.8503 (= (b^T C^2 b)/|b|^2); sigma~_inf(T*) = 3.50
   kappa   s=sigma~(kT*)   weight above s   density at s (eta=0.1)   R(s)      sigma_eff/s   1-|b|^2/s^2   Im R / pi (radiative width)
      1       3.500           0.0471              0.0427            2.2152       0.3671       0.5620          0.2292
      2       4.193           0.0401              0.1326            1.5810       0.6230       0.6949          0.7114
      3       4.599           0.0000              0.0107            1.9671       0.5722       0.7463          0.0572
      5       5.109           0.0000              0.0036            1.4466       0.7169       0.7945          0.0192
      7       5.446           0.0000              0.0025            1.2782       0.7653       0.8191          0.0133
     10       5.803           0.0000              0.0019            1.1496       0.8019       0.8407          0.0099
     20       6.496           0.0000              0.0012            0.9740       0.8501       0.8728          0.0066
   weight of mu_b above s drops below  50%: s = 0.158 (t = 0.04 T*);  20%: s = 2.091 (t = 0.24 T*);  10%: s = 2.787 (t = 0.49 T*);  5%: s = 3.426 (t = 0.93 T*);  1%: s = 4.199 (t = 2.01 T*)
a = 2.0: N = 6000, chains <= 3, |b|^2 = 7.0731, rho_N = 4.3440, top of supp mu_b = 4.3440, mean of mu_b/|b|^2 = 0.2356, second moment 5.1536 (= (b^T C^2 b)/|b|^2); sigma~_inf(T*) = 4.00
   kappa   s=sigma~(kT*)   weight above s   density at s (eta=0.1)   R(s)      sigma_eff/s   1-|b|^2/s^2   Im R / pi (radiative width)
      1       4.000           0.0688              0.0525            2.0750       0.4812       0.5579          0.3715
      2       4.693           0.0000              0.0208            3.3125       0.2942       0.6789          0.1470
      3       5.099           0.0000              0.0063            2.2697       0.5548       0.7279          0.0449
      5       5.609           0.0000              0.0030            1.7742       0.6837       0.7752          0.0215
      7       5.946           0.0000              0.0022            1.5804       0.7342       0.7999          0.0156
     10       6.303           0.0000              0.0017            1.4272       0.7735       0.8219          0.0119
     20       6.996           0.0000              0.0011            1.2148       0.8263       0.8555          0.0080
   weight of mu_b above s drops below  50%: s = 0.158 (t = 0.02 T*);  20%: s = 2.058 (t = 0.14 T*);  10%: s = 3.778 (t = 0.80 T*);  5%: s = 4.344 (t = 1.41 T*);  1%: s = 4.344 (t = 1.41 T*)
