the moments m_k = <b, C^k b>/|b|^2 of the edge's spectral measure: closed walks of length k+2 through the edge, i.e. multiplicative
relations m_1^{e_1} ... m_{k+2}^{e_{k+2}} = 1 among prime powers below e^{2a} whose partial products stay in the window; m_k^{1/k} -> top of supp mu_b
a = 1.0: entries 5, |b|^2 = 1.8217 (direct 1.8217), m_1 = 0.0914 (direct, pairs m/m' a prime power: 0.0914), depth 58 (moments exact to order 114); 2a = 2.00, 2a + log 5 = 3.61
   k:           1       2       3       4       5       6       7       8       9      10      11      12      13      14
   m_k:     0.091   0.937   0.303   1.582   0.876   3.272   2.502   7.583   7.242  18.994  21.350  50.464  64.140  140.659
   m_k^1/k: 0.091   0.968   0.671   1.122   0.974   1.218   1.140   1.288   1.246   1.342   1.321   1.386   1.377   1.424
a = 1.25: entries 8, |b|^2 = 2.5385 (direct 2.5385), m_1 = 0.2473 (direct, pairs m/m' a prime power: 0.2473), depth 18 (moments exact to order 34); 2a = 2.50, 2a + log 5 = 4.11
   k:           1       2       3       4       5       6       7       8       9      10      11      12      13      14
   m_k:     0.247   1.645   1.404   6.012   8.363  29.007  52.678  162.019  343.718  989.896    2306    6420   15849   43431
   m_k^1/k: 0.247   1.283   1.120   1.566   1.529   1.753   1.762   1.889   1.913   1.993   2.022   2.076   2.104   2.144
a = 1.5: entries 12, |b|^2 = 4.0031 (direct 4.0031), m_1 = 0.1880 (direct, pairs m/m' a prime power: 0.1880), depth 9 (moments exact to order 16); 2a = 3.00, 2a + log 5 = 4.61
   k:           1       2       3       4       5       6       7       8       9      10      11      12      13      14
   m_k:     0.188   2.650   2.038  15.358  22.210  121.280  252.021    1151    2983   12334   36713  143998  467791  1788314
   m_k^1/k: 0.188   1.628   1.268   1.980   1.859   2.225   2.203   2.413   2.433   2.565   2.600   2.691   2.730   2.796
a = 1.75: entries 18, |b|^2 = 5.3653 (direct 5.3653), m_1 = 0.2546 (direct, pairs m/m' a prime power: 0.2546), depth 6 (moments exact to order 10); 2a = 3.50, 2a + log 5 = 5.11
   k:           1       2       3       4       5       6       7       8       9      10      11      12      13      14
   m_k:     0.255   3.850   3.609  33.847  57.404  410.378    1003    6058   18826  102757  374700  1927640  7808168  38859768
   m_k^1/k: 0.255   1.962   1.534   2.412   2.248   2.726   2.684   2.970   2.985   3.171   3.211   3.340   3.390   3.484
a = 2.0: entries 24, |b|^2 = 7.0731 (direct 7.0731), m_1 = 0.2356 (direct, pairs m/m' a prime power: 0.2356), depth 5 (moments exact to order 8); 2a = 4.00, 2a + log 5 = 5.61
   k:           1       2       3       4       5       6       7       8       9      10      11      12      13      14
   m_k:     0.236   5.154   4.913  62.207  111.834    1050    2804   21748   75866  516112  2149582  13412822  62511542  369743285
   m_k^1/k: 0.236   2.270   1.700   2.808   2.569   3.188   3.108   3.485   3.485   3.726   3.764   3.926   3.978   4.093
a = 2.25: entries 34, |b|^2 = 9.1296 (direct 9.1296), m_1 = 0.1990 (direct, pairs m/m' a prime power: 0.1990), depth 4 (moments exact to order 6); 2a = 4.50, 2a + log 5 = 6.11
   k:           1       2       3       4       5       6       7       8       9      10      11      12      13      14
   m_k:     0.199   6.857   5.995  109.820  189.874    2462    6588   64012  227552  1811591  7736062  54239382  260349076  1688392225
   m_k^1/k: 0.199   2.619   1.817   3.237   2.856   3.675   3.512   3.988   3.938   4.225   4.229   4.411   4.440   4.561
a = 2.5: entries 47, |b|^2 = 11.1586 (direct 11.1586), m_1 = 0.1980 (direct, pairs m/m' a prime power: 0.1980), depth 4 (moments exact to order 6); 2a = 5.00, 2a + log 5 = 6.61
   k:           1       2       3       4       5       6       7       8       9      10      11      12      13      14
   m_k:     0.198   8.708   7.744  179.432  317.718    4652   13161  139346  539619  4642215  22009128  167085647  898520542  6347241447
   m_k^1/k: 0.198   2.951   1.978   3.660   3.165   4.086   3.877   4.396   4.334   4.642   4.651   4.844   4.884   5.014
