fem_a0.4_full.json: a=0.40000 lambda_FEM=1.47050975e-02 lambda'=-4.659465e-01 Phi'/T*=2.2660 f(a)=0.09107 C^2=-lambda'/2=2.3297e-01
  2 sum_{6000 zeros} |F|^2 / lambda = 0.998410   (tail beyond gamma_6000 by the law Phi'/(pi T): 0.001584)  ->  total 0.999995
  zeros below T*=13.983: 0, share 0.000e+00
   T/T*   theta(T)   T theta/T*   Phi'/(pi T*)=0.7213   ratio
    1.0   1.00000   1.0000                          1.3864
    1.5   0.92077   1.3812                          1.9149
    2.0   0.33673   0.6735                          0.9337
    2.5   0.27161   0.6790                          0.9414
    3.0   0.24383   0.7315                          1.0142
    4.0   0.19739   0.7896                          1.0947
    5.0   0.14843   0.7422                          1.0290
    7.0   0.10251   0.7176                          0.9948
   10.0   0.07210   0.7210                          0.9996
   15.0   0.04835   0.7252                          1.0054
   20.0   0.03640   0.7280                          1.0093
   30.0   0.02407   0.7221                          1.0011
   50.0   0.01448   0.7242                          1.0040
  100.0   0.00724   0.7236                          1.0032
  median height of the floor's mass: gamma_3 = 25.011 = 1.789 T*   (e = 2.718)
fem_a0.45_full.json: a=0.45000 lambda_FEM=2.40457766e-03 lambda'=-1.012829e-01 Phi'/T*=2.7255 f(a)=0.04253 C^2=-lambda'/2=5.0641e-02
  2 sum_{6000 zeros} |F|^2 / lambda = 0.997891   (tail beyond gamma_6000 by the law Phi'/(pi T): 0.002106)  ->  total 0.999997
  zeros below T*=15.454: 1, share 1.787e-02
   T/T*   theta(T)   T theta/T*   Phi'/(pi T*)=0.8676   ratio
    1.0   0.98213   0.9821                          1.1321
    1.5   0.84091   1.2614                          1.4539
    2.0   0.47811   0.9562                          1.1022
    2.5   0.34706   0.8677                          1.0001
    3.0   0.27878   0.8363                          0.9640
    4.0   0.23104   0.9242                          1.0652
    5.0   0.17130   0.8565                          0.9872
    7.0   0.12234   0.8564                          0.9871
   10.0   0.08723   0.8723                          1.0055
   15.0   0.05803   0.8704                          1.0033
   20.0   0.04324   0.8647                          0.9967
   30.0   0.02882   0.8646                          0.9966
   50.0   0.01736   0.8680                          1.0005
  100.0   0.00867   0.8669                          0.9993
  median height of the floor's mass: gamma_4 = 30.425 = 1.969 T*   (e = 2.718)
fem_a0.5_full.json: a=0.50000 lambda_FEM=1.93680117e-04 lambda'=-1.123556e-02 Phi'/T*=3.3965 f(a)=0.01419 C^2=-lambda'/2=5.6178e-03
  2 sum_{6000 zeros} |F|^2 / lambda = 0.997098   (tail beyond gamma_6000 by the law Phi'/(pi T): 0.002901)  ->  total 0.999999
  zeros below T*=17.079: 1, share 1.890e-03
   T/T*   theta(T)   T theta/T*   Phi'/(pi T*)=1.0811   ratio
    1.0   0.99811   0.9981                          0.9232
    1.5   0.88927   1.3339                          1.2338
    2.0   0.55252   1.1050                          1.0221
    2.5   0.47497   1.1874                          1.0983
    3.0   0.42236   1.2671                          1.1720
    4.0   0.29653   1.1861                          1.0971
    5.0   0.21703   1.0851                          1.0037
    7.0   0.15756   1.1030                          1.0202
   10.0   0.10602   1.0602                          0.9806
   15.0   0.07260   1.0890                          1.0073
   20.0   0.05406   1.0813                          1.0001
   30.0   0.03608   1.0823                          1.0011
   50.0   0.02166   1.0828                          1.0015
  100.0   0.01081   1.0809                          0.9998
  median height of the floor's mass: gamma_7 = 40.919 = 2.396 T*   (e = 2.718)
fem_a3_full.json: a=0.54931 lambda_FEM=1.49144746e-05 lambda'=-1.143530e-03 Phi'/T*=4.0676 f(a)=0.00457 C^2=-lambda'/2=5.7177e-04
  2 sum_{6000 zeros} |F|^2 / lambda = 0.996405   (tail beyond gamma_6000 by the law Phi'/(pi T): 0.003834)  ->  total 1.000239
  zeros below T*=18.850: 1, share 1.923e-04
   T/T*   theta(T)   T theta/T*   Phi'/(pi T*)=1.2948   ratio
    1.0   0.99981   0.9998                          0.7722
    1.5   0.97183   1.4577                          1.1259
    2.0   0.44444   0.8889                          0.6865
    2.5   0.37881   0.9470                          0.7314
    3.0   0.32241   0.9672                          0.7470
    4.0   0.26149   1.0460                          0.8078
    5.0   0.21185   1.0593                          0.8181
    7.0   0.15750   1.1025                          0.8515
   10.0   0.11350   1.1350                          0.8766
   15.0   0.07648   1.1472                          0.8860
   20.0   0.05797   1.1595                          0.8955
   30.0   0.03910   1.1729                          0.9059
   50.0   0.02369   1.1843                          0.9147
  100.0   0.01197   1.1967                          0.9242
  median height of the floor's mass: gamma_6 = 37.586 = 1.994 T*   (e = 2.718)
