data/fem_a0.5_primefree.json: a = 0.5, lambda = -0.322243, lambda' = -2.25815, primes [], T* = 17.079; nodes 487
real zeros of the symbol: [4.562]  (t/T*: [0.267])
Hilbert-transform self-test: max error 4.69e-10

(i) nulls of S(t) at t_k a = pi/2 + k pi + r_k, 319 nulls on 2.8-119.8 T*; fits on t >= 10 T*:
    kappa = 4.3355 (r + theta = kappa/t);  kappa0 = 82.780 (r = kappa0/t);  c = 0.7925 (r = c/log(t/2pi); Wiener-Hopf: -pi/4 = -0.7854)
    t_k/T*      r_k    -theta   -theta_loc  -theta_naive   r+theta   r+theta-kappa/t   r-kappa0/t   r-c/log
      3.17    0.3394    0.2594    0.2950     0.3648       0.0800     -0.00017     -1.1912   -0.0288
      3.90    0.3175    0.2525    0.2780     0.3327       0.0650     -0.00008     -0.9253   -0.0181
      5.00    0.2938    0.2431    0.2589     0.3010       0.0507     -0.00003     -0.6754   -0.0099
      6.84    0.2673    0.2302    0.2373     0.2688       0.0371     -0.00000     -0.4416   -0.0039
     10.14    0.2386    0.2136    0.2136     0.2368       0.0250      0.00000     -0.2392   -0.0003
     14.92    0.2149    0.1979    0.1941     0.2121       0.0170      0.00001     -0.1098    0.0009
     20.07    0.1992    0.1866    0.1812     0.1964       0.0127      0.00001     -0.0422    0.0011
     30.00    0.1808    0.1724    0.1660     0.1784       0.0085      0.00001      0.0193    0.0008
     49.87    0.1616    0.1565    0.1500     0.1600       0.0051      0.00002      0.0644    0.0002
     70.10    0.1506    0.1470    0.1409     0.1496       0.0035     -0.00010      0.0814   -0.0004
     99.90    0.1405    0.1382    0.1325     0.1401       0.0023     -0.00025      0.0919   -0.0010
    119.76    0.1362    0.1340    0.1286     0.1358       0.0022      0.00008      0.0957   -0.0008
    rms over t >= 10 T*:  r: 0.1626   r+theta: 0.0073   r+theta-kappa/t: 0.00012   r-kappa0/t: 0.0823   r-c/log: 0.0006
    rms over t >= 3 T*:   r: 0.1727   r+theta: 0.0143   r+theta-kappa/t: 0.00012   r-kappa0/t: 0.1877   r-c/log: 0.0035

(ii) relative L^2 distance of S from -|A| cos(ta + theta - kappa/t)/(t sigma^{1/2}), |A| = (-lambda'/2)^(1/2) = 1.06258, over one period 4 pi/a:
    T/T*   dist(kappa)   dist(kappa=0)   dist(theta=0)   dist*T/T*   sign
       3      0.00455        0.09289        0.35697      0.0136   +1
       5      0.00145        0.05225        0.29413      0.0072   +1
      10      0.00034        0.02586        0.24176      0.0034   +1
      20      0.00008        0.01284        0.20046      0.0016   +1
      50      0.00003        0.00508        0.16101      0.0014   +1
     100      0.00027        0.00228        0.14013      0.0267   +1
