data/fem_a0.5_primefree_471nodes.json: a = 0.5, lambda = -0.322242, lambda' = -2.25815, primes [], T* = 17.079; nodes 472
real zeros of the symbol: [4.562]  (t/T*: [0.267])
Hilbert-transform self-test: max error 4.69e-10

(i) nulls of S(t) at t_k a = pi/2 + k pi + r_k, 319 nulls on 2.8-119.8 T*; fits on t >= 10 T*:
    kappa = 4.3674 (r + theta = kappa/t);  kappa0 = 82.812 (r = kappa0/t);  c = 0.7935 (r = c/log(t/2pi); Wiener-Hopf: -pi/4 = -0.7854)
    t_k/T*      r_k    -theta   -theta_loc  -theta_naive   r+theta   r+theta-kappa/t   r-kappa0/t   r-c/log
      3.17    0.3393    0.2594    0.2950     0.3648       0.0800     -0.00077     -1.1918   -0.0293
      3.90    0.3175    0.2525    0.2780     0.3327       0.0649     -0.00062     -0.9258   -0.0186
      5.00    0.2936    0.2431    0.2589     0.3010       0.0506     -0.00058     -0.6759   -0.0105
      6.84    0.2672    0.2302    0.2373     0.2688       0.0370     -0.00037     -0.4419   -0.0043
     10.14    0.2393    0.2136    0.2136     0.2368       0.0258      0.00054     -0.2386    0.0001
     14.92    0.2141    0.1979    0.1941     0.2121       0.0162     -0.00093     -0.1108   -0.0002
     20.07    0.1973    0.1866    0.1812     0.1964       0.0107     -0.00205     -0.0443   -0.0012
     30.00    0.1712    0.1724    0.1660     0.1784      -0.0011     -0.00966      0.0096   -0.0091
     49.87    0.1689    0.1565    0.1500     0.1600       0.0124      0.00729      0.0717    0.0073
     70.10    0.1585    0.1470    0.1409     0.1496       0.0115      0.00786      0.0894    0.0074
     99.90    0.1508    0.1382    0.1325     0.1401       0.0126      0.01007      0.1023    0.0092
    119.76    0.1321    0.1340    0.1286     0.1358      -0.0018     -0.00396      0.0917   -0.0050
    rms over t >= 10 T*:  r: 0.1629   r+theta: 0.0091   r+theta-kappa/t: 0.00535   r-kappa0/t: 0.0828   r-c/log: 0.0053
    rms over t >= 3 T*:   r: 0.1730   r+theta: 0.0153   r+theta-kappa/t: 0.00518   r-kappa0/t: 0.1880   r-c/log: 0.0062

(ii) relative L^2 distance of S from -|A| cos(ta + theta - kappa/t)/(t sigma^{1/2}), |A| = (-lambda'/2)^(1/2) = 1.06258, over one period 4 pi/a:
    T/T*   dist(kappa)   dist(kappa=0)   dist(theta=0)   dist*T/T*   sign
       3      0.00452        0.09289        0.35698      0.0136   +1
       5      0.00158        0.05209        0.29397      0.0079   +1
      10      0.00070        0.02663        0.24258      0.0070   +1
      20      0.00522        0.01258        0.19966      0.1045   +1
      50      0.00708        0.01209        0.16787      0.3541   +1
     100      0.01061        0.01302        0.15008      1.0614   +1
