data/fem_a0.6_full.json: a = 0.6, lambda = 0.000001, lambda' = -4.154497e-05, primes [2, 3], T* = 20.861; nodes 487
real zeros of the symbol: [ 2.278  4.816  7.272  9.666 11.966 16.251 18.494 27.558 28.938 45.149
 46.129]  (t/T*: [0.109 0.231 0.349 0.463 0.574 0.779 0.887 1.321 1.387 2.164 2.211])
Hilbert-transform self-test: max error 4.69e-10
  no sign change for k = 11
  no sign change for k = 12
  no sign change for k = 15
  no sign change for k = 17

(i) nulls of S(t) at t_k a = pi/2 + k pi + r_k, 463 nulls on 3.5-119.9 T*; fits on t >= 10 T*:
    kappa = 303.4812 (r + theta = kappa/t);  kappa0 = 199.717 (r = kappa0/t);  c = 1.4337 (r = c/log(t/2pi); Wiener-Hopf: -pi/4 = -0.7854)
    t_k/T*      r_k    -theta   -theta_loc  -theta_naive   r+theta   r+theta-kappa/t   r-kappa0/t   r-c/log
      3.50    1.3619   -2.7686  -50.3529     0.3203       4.1304     -0.02939     -1.3756    0.7772
      4.23    1.1524   -2.1512   -5.8496     0.2972       3.3036     -0.13275     -1.1090    0.6100
      5.00    1.3736   -1.5502   26.7499     0.2795       2.9239      0.01671     -0.5395    0.8635
      6.98    1.0230   -1.0508   16.1764     0.2498       2.0737     -0.00927     -0.3478    0.5669
      9.98    0.7785   -0.6740   33.0777     0.2244       1.4525     -0.00573     -0.1811    0.3689
     14.97    0.4532   -0.4865  -27.4144     0.2011       0.9397     -0.03203     -0.1863    0.0862
     19.98    0.3207   -0.4810  -149.6399     0.1872       0.8017      0.07352     -0.1585   -0.0211
     30.03    0.3939   -0.0966   22.8431     0.1707       0.4905      0.00598      0.0751    0.0824
     50.09    0.2425   -0.0532  -101.5469     0.1536       0.2958      0.00535      0.0514   -0.0378
     69.92    0.2140   -0.0120  -32.2687     0.1442       0.2260      0.01790      0.0770   -0.0492
    100.05    0.2974    0.0718   -3.2257     0.1353       0.2255      0.08010      0.2017    0.0504
    119.86    0.1151    0.0967  272.6239     0.1312       0.0184     -0.10295      0.0352   -0.1244
    smooth alternative (phase of the prime-free symbol at the same lambda, zeros [6.29], plus kappa/t, kappa = 100.858): rms r+theta_inf-kappa/t = 0.1023 (t >= 10 T*), 0.1102 (t >= 3 T*)
    rms over t >= 10 T*:  r: 0.3068   r+theta: 0.4213   r+theta-kappa/t: 0.05089   r-kappa0/t: 0.1355   r-c/log: 0.1208
    rms over t >= 3 T*:   r: 0.3735   r+theta: 0.6819   r+theta-kappa/t: 0.05465   r-kappa0/t: 0.2040   r-c/log: 0.1681

(ii) relative L^2 distance of S from -|A| cos(ta + theta - kappa/t)/(t sigma^{1/2}), |A| = (-lambda'/2)^(1/2) = 0.00456, over one period 4 pi/a:
    T/T*   dist(kappa)   dist(kappa=0)   dist(theta=0)   dist*T/T*   sign
       3      0.61236        1.55571        2.06618      1.8371   +1
       5      0.20106        2.04782        1.37295      1.0053   +1
      10      0.09733        1.32364        0.67742      0.9733   +1
      20      0.05502        0.81308        0.46945      1.1005   +1
      50      0.04016        0.30489        0.23723      2.0078   +1
     100      0.11806        0.24831        0.28124     11.8062   +1

(iii) the echo form: sigma_eff = sigma_inf - c^2/sigma_inf with c = [0.4901, 0.6343], real zeros [ 2.835  6.29  14.009]; phase theta_eff + arg(1 + sum (c/sigma_inf) e^(-it log n)); kappa = 109.8489
    t_k/T*      r_k    -phase   r+phase-kappa/t
      3.50    1.3619   -0.1005     -0.04331
      4.23    1.1524   -0.0340     -0.05743
      5.00    1.3736    0.3634     -0.04204
      6.98    1.0230    0.2509      0.01812
      9.98    0.7785    0.2406      0.01008
     14.97    0.4532    0.0840      0.01745
     19.98    0.3207    0.0681     -0.01096
     30.03    0.3939    0.2104      0.00816
     50.09    0.2425    0.1252      0.01216
     69.92    0.2140    0.1248      0.01381
    100.05    0.2974    0.1670      0.07772
    119.86    0.1151    0.1623     -0.09114
    rms r+phase-kappa/t: 0.04590 (t >= 10 T*), 0.04510 (t >= 3 T*)   [window's symbol: 0.05089, 0.05465]
    rms on 5-80 T* (300 nulls): echo form 0.01618, window's symbol 0.03582, no shift 0.4133; largest |residual| of the echo form below 80 T*: 0.05982, above: 0.19442
    relative L^2 distance of S from the echo form over one period (|A| = (-lambda'/2)^(1/2), kappa fitted):
    T/T*   dist(echo)   dist(window symbol)   dist(echo)*T/T*
       3      0.13571          0.61236         0.4071
       5      0.05002          0.20106         0.2501
      10      0.02666          0.09733         0.2666
      20      0.02053          0.05502         0.4106
      50      0.01277          0.04016         0.6386
     100      0.10891          0.11806        10.8909

(iv) the echo tree: S° = [-0.4986 -0.1945 -0.0931  0.0931  0.1945  0.4986] (chain lengths [1, '-', 1, '-', 2, '-']), b = [0.6343 0.     0.4901 0.     0.     0.    ], |b|^2 = 0.6425, eigenvalues of C [-0.49 -0.49  0.    0.    0.49  0.49];
    sigma_eff = sigma~_inf - b^T(sigma~_inf - C)^{-1} b, real zeros []; kappa = 87.1585 (tree), 88.4265 (first generation)
    t_k/T*      r_k    -phase(tree)   r+phase-kappa/t (tree)   (first generation)   rho at t_k
      3.50    1.3619       0.1579            0.00927           -0.04139   [0.2652 0.     0.1969 0.     0.0522 0.    ]
      4.23    1.1524       0.1671           -0.00162           -0.05688   [0.2458 0.     0.1836 0.     0.0451 0.    ]
      5.00    1.3736       0.5406           -0.00191           -0.03861   [0.231  0.     0.1731 0.     0.04   0.    ]
      6.98    1.0230       0.4305           -0.00579            0.01900   [0.206  0.     0.1553 0.     0.032  0.    ]
      9.98    0.7785       0.3653           -0.00560            0.01035   [0.1845 0.     0.1398 0.     0.0258 0.    ]
     14.97    0.4532       0.1781           -0.00396            0.01737   [0.1648 0.     0.1254 0.     0.0207 0.    ]
     19.98    0.3207       0.1141           -0.00261           -0.01101   [0.1532 0.     0.1168 0.     0.0179 0.    ]
     30.03    0.3939       0.2550           -0.00018            0.00815   [0.1394 0.     0.1065 0.     0.0148 0.    ]
     50.09    0.2425       0.1506            0.00849            0.01214   [0.1252 0.     0.0958 0.     0.012  0.    ]
     69.92    0.2140       0.1470            0.00718            0.01380   [0.1174 0.     0.09   0.     0.0106 0.    ]
    100.05    0.2974       0.1700            0.08557            0.07771   [0.11   0.     0.0844 0.     0.0093 0.    ]
    119.86    0.1151       0.1786           -0.09839           -0.09115   [0.1067 0.     0.0819 0.     0.0087 0.    ]
    rms r+phase-kappa/t on t >= 10 T*: tree 0.04518, first generation 0.04590, window's symbol 0.05089; on 5-80 T* (300 nulls): tree 0.01143, first generation 0.01615, window's symbol 0.03582, no shift 0.4133
    relative L^2 distance of S from the tree form over one period (|A| = (-lambda'/2)^(1/2), kappa fitted), and from the first-generation form:
    T/T*   dist(tree)   dist(first gen.)   dist(window symbol)   dist(tree)*T/T*   |E|^2 mean   sigma_eff/sigma~
       3      0.15417          0.15129              0.61236           0.4625      1.0832       0.8789
       5      0.03805          0.05330              0.20106           0.1903      1.0428       0.9180
      10      0.00876          0.02751              0.09733           0.0876      1.1354       0.9471
      20      0.00337          0.02043              0.05502           0.0674      1.0293       0.9632
      50      0.01076          0.01275              0.04016           0.5380      1.0625       0.9753
     100      0.11078          0.10890              0.11806          11.0775      1.0379       0.9808
